Archive member included to satisfy reference by file (symbol)

/home/chrak/.local/share/avr8-gnu-toolchain-linux_x86_64/bin/../lib/gcc/avr/5.4.0/../../../../avr/lib/avrxmega2/libprintf_flt.a(vfprintf_flt.o)
                              (vfprintf)
/home/chrak/.local/share/avr8-gnu-toolchain-linux_x86_64/bin/../lib/gcc/avr/5.4.0/avrxmega2/libgcc.a(_mulsi3.o)
                              obj/Release/communication/Serial.o (__mulsi3)
/home/chrak/.local/share/avr8-gnu-toolchain-linux_x86_64/bin/../lib/gcc/avr/5.4.0/avrxmega2/libgcc.a(_udivmodhi4.o)
                              obj/Release/communication/Serial.o (__udivmodhi4)
/home/chrak/.local/share/avr8-gnu-toolchain-linux_x86_64/bin/../lib/gcc/avr/5.4.0/avrxmega2/libgcc.a(_udivmodsi4.o)
                              obj/Release/communication/Serial.o (__udivmodsi4)
/home/chrak/.local/share/avr8-gnu-toolchain-linux_x86_64/bin/../lib/gcc/avr/5.4.0/avrxmega2/libgcc.a(_divmodsi4.o)
                              obj/Release/communication/Serial.o (__divmodsi4)
/home/chrak/.local/share/avr8-gnu-toolchain-linux_x86_64/bin/../lib/gcc/avr/5.4.0/avrxmega2/libgcc.a(_negsi2.o)
                              /home/chrak/.local/share/avr8-gnu-toolchain-linux_x86_64/bin/../lib/gcc/avr/5.4.0/avrxmega2/libgcc.a(_divmodsi4.o) (__negsi2)
/home/chrak/.local/share/avr8-gnu-toolchain-linux_x86_64/bin/../lib/gcc/avr/5.4.0/avrxmega2/libgcc.a(_exit.o)
                              /home/chrak/.local/share/avr8-gnu-toolchain-linux_x86_64/bin/../lib/gcc/avr/5.4.0/../../../../avr/lib/avrxmega2/crtatxmega32a4u.o (exit)
/home/chrak/.local/share/avr8-gnu-toolchain-linux_x86_64/bin/../lib/gcc/avr/5.4.0/avrxmega2/libgcc.a(_tablejump2.o)
                              obj/Release/IO-Board/ComReceiver.o (__tablejump2__)
/home/chrak/.local/share/avr8-gnu-toolchain-linux_x86_64/bin/../lib/gcc/avr/5.4.0/avrxmega2/libgcc.a(_copy_data.o)
                              obj/Release/communication/Communication.o (__do_copy_data)
/home/chrak/.local/share/avr8-gnu-toolchain-linux_x86_64/bin/../lib/gcc/avr/5.4.0/avrxmega2/libgcc.a(_clear_bss.o)
                              obj/Release/communication/Communication.o (__do_clear_bss)
/home/chrak/.local/share/avr8-gnu-toolchain-linux_x86_64/bin/../lib/gcc/avr/5.4.0/avrxmega2/libgcc.a(_ctors.o)
                              obj/Release/communication/Communication.o (__do_global_ctors)
/home/chrak/.local/share/avr8-gnu-toolchain-linux_x86_64/bin/../lib/gcc/avr/5.4.0/avrxmega2/libgcc.a(_dtors.o)
                              obj/Release/communication/Communication.o (__do_global_dtors)
/home/chrak/.local/share/avr8-gnu-toolchain-linux_x86_64/bin/../lib/gcc/avr/5.4.0/avrxmega2/libgcc.a(_umulhisi3.o)
                              obj/Release/communication/Serial.o (__umulhisi3)
/home/chrak/.local/share/avr8-gnu-toolchain-linux_x86_64/bin/../lib/gcc/avr/5.4.0/avrxmega2/libgcc.a(_muluhisi3.o)
                              obj/Release/communication/Serial.o (__muluhisi3)
/home/chrak/.local/share/avr8-gnu-toolchain-linux_x86_64/bin/../lib/gcc/avr/5.4.0/avrxmega2/libgcc.a(_mulshisi3.o)
                              obj/Release/communication/Serial.o (__mulohisi3)
/home/chrak/.local/share/avr8-gnu-toolchain-linux_x86_64/bin/../lib/gcc/avr/5.4.0/avrxmega2/libgcc.a(_prologue.o)
                              /home/chrak/.local/share/avr8-gnu-toolchain-linux_x86_64/bin/../lib/gcc/avr/5.4.0/../../../../avr/lib/avrxmega2/libprintf_flt.a(vfprintf_flt.o) (__prologue_saves__)
/home/chrak/.local/share/avr8-gnu-toolchain-linux_x86_64/bin/../lib/gcc/avr/5.4.0/avrxmega2/libgcc.a(_epilogue.o)
                              /home/chrak/.local/share/avr8-gnu-toolchain-linux_x86_64/bin/../lib/gcc/avr/5.4.0/../../../../avr/lib/avrxmega2/libprintf_flt.a(vfprintf_flt.o) (__epilogue_restores__)
/home/chrak/.local/share/avr8-gnu-toolchain-linux_x86_64/bin/../lib/gcc/avr/5.4.0/../../../../avr/lib/avrxmega2/libm.a(fixunssfsi.o)
                              obj/Release/IO-Board/ComReceiver.o (__fixunssfsi)
/home/chrak/.local/share/avr8-gnu-toolchain-linux_x86_64/bin/../lib/gcc/avr/5.4.0/../../../../avr/lib/avrxmega2/libm.a(fp_split3.o)
                              /home/chrak/.local/share/avr8-gnu-toolchain-linux_x86_64/bin/../lib/gcc/avr/5.4.0/../../../../avr/lib/avrxmega2/libm.a(fixunssfsi.o) (__fp_splitA)
/home/chrak/.local/share/avr8-gnu-toolchain-linux_x86_64/bin/../lib/gcc/avr/5.4.0/../../../../avr/lib/avrxmega2/libm.a(fp_zero.o)
                              /home/chrak/.local/share/avr8-gnu-toolchain-linux_x86_64/bin/../lib/gcc/avr/5.4.0/../../../../avr/lib/avrxmega2/libm.a(fixunssfsi.o) (__fp_zero)
/home/chrak/.local/share/avr8-gnu-toolchain-linux_x86_64/bin/../lib/gcc/avr/5.4.0/../../../../avr/lib/avrxmega2/libc.a(errno.o)
                              obj/Release/IO-Board/ComReceiver.o (errno)
/home/chrak/.local/share/avr8-gnu-toolchain-linux_x86_64/bin/../lib/gcc/avr/5.4.0/../../../../avr/lib/avrxmega2/libc.a(malloc.o)
[...]
Memory Configuration

Name             Origin             Length             Attributes
text             0x0000000000000000 0x0000000000100000 xr
data             0x0000000000802000 0x000000000000ffa0 rw !x
eeprom           0x0000000000810000 0x0000000000010000 rw !x
fuse             0x0000000000820000 0x0000000000000006 rw !x
lock             0x0000000000830000 0x0000000000000400 rw !x
signature        0x0000000000840000 0x0000000000000400 rw !x
user_signatures  0x0000000000850000 0x0000000000000400 rw !x
*default*        0x0000000000000000 0xffffffffffffffff

Linker script and memory map

LOAD /home/chrak/.local/share/avr8-gnu-toolchain-linux_x86_64/bin/../lib/gcc/avr/5.4.0/../../../../avr/lib/avrxmega2/crtatxmega32a4u.o
LOAD obj/Release/communication/Communication.o
LOAD obj/Release/communication/CRC_Calc.o
LOAD obj/Release/communication/Serial.o
LOAD obj/Release/xmegaClocks/xmegaClocks.o
LOAD obj/Release/IO-Board/CommandFunctions.o
LOAD obj/Release/IO-Board/ComReceiver.o
LOAD obj/Release/IO-Board/Globals.o
LOAD obj/Release/IO-Board/IO-Board.o
LOAD obj/Release/IO-Board/MyTimer.o
LOAD obj/Release/IO-Board/Operators.o
LOAD /home/chrak/.local/share/avr8-gnu-toolchain-linux_x86_64/bin/../lib/gcc/avr/5.4.0/../../../../avr/lib/avrxmega2/libprintf_flt.a
LOAD /home/chrak/.local/share/avr8-gnu-toolchain-linux_x86_64/bin/../lib/gcc/avr/5.4.0/avrxmega2/libgcc.a
LOAD /home/chrak/.local/share/avr8-gnu-toolchain-linux_x86_64/bin/../lib/gcc/avr/5.4.0/../../../../avr/lib/avrxmega2/libm.a
START GROUP
LOAD /home/chrak/.local/share/avr8-gnu-toolchain-linux_x86_64/bin/../lib/gcc/avr/5.4.0/avrxmega2/libgcc.a
LOAD /home/chrak/.local/share/avr8-gnu-toolchain-linux_x86_64/bin/../lib/gcc/avr/5.4.0/../../../../avr/lib/avrxmega2/libm.a
LOAD /home/chrak/.local/share/avr8-gnu-toolchain-linux_x86_64/bin/../lib/gcc/avr/5.4.0/../../../../avr/lib/avrxmega2/libc.a
LOAD /home/chrak/.local/share/avr8-gnu-toolchain-linux_x86_64/bin/../lib/gcc/avr/5.4.0/../../../../avr/lib/avrxmega2/libatxmega32a4u.a
END GROUP
                0x0000000000100000                __TEXT_REGION_LENGTH__ = DEFINED (__TEXT_REGION_LENGTH__)?__TEXT_REGION_LENGTH__:0x100000
                0x000000000000ffa0                __DATA_REGION_LENGTH__ = DEFINED (__DATA_REGION_LENGTH__)?__DATA_REGION_LENGTH__:0xffa0
                0x0000000000010000                __EEPROM_REGION_LENGTH__ = DEFINED (__EEPROM_REGION_LENGTH__)?__EEPROM_REGION_LENGTH__:0x10000
                [0x0000000000000006]                __FUSE_REGION_LENGTH__ = DEFINED (__FUSE_REGION_LENGTH__)?__FUSE_REGION_LENGTH__:0x400
                0x0000000000000400                __LOCK_REGION_LENGTH__ = DEFINED (__LOCK_REGION_LENGTH__)?__LOCK_REGION_LENGTH__:0x400
                0x0000000000000400                __SIGNATURE_REGION_LENGTH__ = DEFINED (__SIGNATURE_REGION_LENGTH__)?__SIGNATURE_REGION_LENGTH__:0x400
                0x0000000000000400                __USER_SIGNATURE_REGION_LENGTH__ = DEFINED (__USER_SIGNATURE_REGION_LENGTH__)?__USER_SIGNATURE_REGION_LENGTH__:0x400

.hash
 *(.hash)

.dynsym
 *(.dynsym)

.dynstr
 *(.dynstr)

.gnu.version
 *(.gnu.version)

.gnu.version_d
 *(.gnu.version_d)

.gnu.version_r
 *(.gnu.version_r)

.rel.init
 *(.rel.init)

.rela.init
 *(.rela.init)

.rel.text
 *(.rel.text)
 *(.rel.text.*)
 *(.rel.gnu.linkonce.t*)

.rela.text
 *(.rela.text)
 *(.rela.text.*)
 *(.rela.gnu.linkonce.t*)

.rel.fini
 *(.rel.fini)

.rela.fini
 *(.rela.fini)

.rel.rodata
 *(.rel.rodata)
 *(.rel.rodata.*)
 *(.rel.gnu.linkonce.r*)

.rela.rodata
 *(.rela.rodata)
 *(.rela.rodata.*)
 *(.rela.gnu.linkonce.r*)

.rel.data
 *(.rel.data)
 *(.rel.data.*)
 *(.rel.gnu.linkonce.d*)

.rela.data
 *(.rela.data)
 *(.rela.data.*)
 *(.rela.gnu.linkonce.d*)

.rel.ctors
 *(.rel.ctors)

.rela.ctors
 *(.rela.ctors)

.rel.dtors
 *(.rel.dtors)

.rela.dtors
 *(.rela.dtors)

.rel.got
 *(.rel.got)

.rela.got
 *(.rela.got)

.rel.bss
 *(.rel.bss)

.rela.bss
 *(.rela.bss)

.rel.plt
 *(.rel.plt)

.rela.plt
 *(.rela.plt)

.text           0x0000000000000000     0x3d30
 *(.vectors)
 .vectors       0x0000000000000000      0x1fc /home/chrak/.local/share/avr8-gnu-toolchain-linux_x86_64/bin/../lib/gcc/avr/5.4.0/../../../../avr/lib/avrxmega2/crtatxmega32a4u.o
                0x0000000000000000                __vectors
                0x0000000000000000                __vector_default
 *(.vectors)
 *(.progmem.gcc*)
 .progmem.gcc_sw_table
                0x00000000000001fc       0x2c obj/Release/IO-Board/ComReceiver.o
                0x0000000000000228                . = ALIGN (0x2)
                0x0000000000000228                __trampolines_start = .
 *(.trampolines)
 .trampolines   0x0000000000000228        0x0 linker stubs
 *(.trampolines*)
                0x0000000000000228                __trampolines_end = .
 *libprintf_flt.a:*(.progmem.data)
 .progmem.data  0x0000000000000228        0x8 /home/chrak/.local/share/avr8-gnu-toolchain-linux_x86_64/bin/../lib/gcc/avr/5.4.0/../../../../avr/lib/avrxmega2/libprintf_flt.a(vfprintf_flt.o)
 *libc.a:*(.progmem.data)
 .progmem.data  0x0000000000000230       0x3b /home/chrak/.local/share/avr8-gnu-toolchain-linux_x86_64/bin/../lib/gcc/avr/5.4.0/../../../../avr/lib/avrxmega2/libc.a(strtod.o)
 .progmem.data  0x000000000000026b       0xfa /home/chrak/.local/share/avr8-gnu-toolchain-linux_x86_64/bin/../lib/gcc/avr/5.4.0/../../../../avr/lib/avrxmega2/libc.a(ftoa_engine.o)
 *(.progmem*)
                0x0000000000000366                . = ALIGN (0x2)
 *fill*         0x0000000000000365        0x1 
 *(.jumptables)
 *(.jumptables*)
 *(.lowtext)
 *(.lowtext*)
                0x0000000000000366                __ctors_start = .
 *(.ctors)
 .ctors         0x0000000000000366        0x2 obj/Release/communication/Communication.o
 .ctors         0x0000000000000368        0x2 obj/Release/IO-Board/Globals.o
                0x000000000000036a                __ctors_end = .
                0x000000000000036a                __dtors_start = .
 *(.dtors)
 .dtors         0x000000000000036a        0x2 obj/Release/communication/Communication.o
 .dtors         0x000000000000036c        0x2 obj/Release/IO-Board/Globals.o
                0x000000000000036e                __dtors_end = .
 SORT(*)(.ctors)
 SORT(*)(.dtors)
 *(.init0)
 .init0         0x000000000000036e        0x0 /home/chrak/.local/share/avr8-gnu-toolchain-linux_x86_64/bin/../lib/gcc/avr/5.4.0/../../../../avr/lib/avrxmega2/crtatxmega32a4u.o
                0x000000000000036e                __init
 *(.init0)
 *(.init1)
 *(.init1)
 *(.init2)
 .init2         0x000000000000036e        0xc /home/chrak/.local/share/avr8-gnu-toolchain-linux_x86_64/bin/../lib/gcc/avr/5.4.0/../../../../avr/lib/avrxmega2/crtatxmega32a4u.o
 *(.init2)
 *(.init3)
 *(.init3)
 *(.init4)
 .init4         0x000000000000037a       0x16 /home/chrak/.local/share/avr8-gnu-toolchain-linux_x86_64/bin/../lib/gcc/avr/5.4.0/avrxmega2/libgcc.a(_copy_data.o)
                0x000000000000037a                __do_copy_data
 .init4         0x0000000000000390       0x10 /home/chrak/.local/share/avr8-gnu-toolchain-linux_x86_64/bin/../lib/gcc/avr/5.4.0/avrxmega2/libgcc.a(_clear_bss.o)
                0x0000000000000390                __do_clear_bss
 *(.init4)
 *(.init5)
 *(.init5)
 *(.init6)
 .init6         0x00000000000003a0       0x16 /home/chrak/.local/share/avr8-gnu-toolchain-linux_x86_64/bin/../lib/gcc/avr/5.4.0/avrxmega2/libgcc.a(_ctors.o)
                0x00000000000003a0                __do_global_ctors
 *(.init6)
 *(.init7)
 *(.init7)
 *(.init8)
 *(.init8)
 *(.init9)
 .init9         0x00000000000003b6        0x8 /home/chrak/.local/share/avr8-gnu-toolchain-linux_x86_64/bin/../lib/gcc/avr/5.4.0/../../../../avr/lib/avrxmega2/crtatxmega32a4u.o
 *(.init9)
 *(.text)
 .text          0x00000000000003be        0x4 /home/chrak/.local/share/avr8-gnu-toolchain-linux_x86_64/bin/../lib/gcc/avr/5.4.0/../../../../avr/lib/avrxmega2/crtatxmega32a4u.o
                0x00000000000003be                __vector_38
                0x00000000000003be                __vector_104
                0x00000000000003be                __vector_22
                0x00000000000003be                __vector_63
                0x00000000000003be                __vector_28
                0x00000000000003be                __vector_67
                0x00000000000003be                __vector_1
                0x00000000000003be                __vector_119
                0x00000000000003be                __vector_32
                0x00000000000003be                __vector_75
                0x00000000000003be                __vector_71
                0x00000000000003be                __vector_34
                0x00000000000003be                __vector_62
                0x00000000000003be                __vector_77
                0x00000000000003be                __vector_102
                0x00000000000003be                __vector_24
                0x00000000000003be                __vector_12
                0x00000000000003be                __vector_55
                0x00000000000003be                __vector_69
                0x00000000000003be                __vector_81
                0x00000000000003be                __vector_46
                0x00000000000003be                __bad_interrupt
                0x00000000000003be                __vector_122
                0x00000000000003be                __vector_72
                0x00000000000003be                __vector_114
                0x00000000000003be                __vector_6
                0x00000000000003be                __vector_110
                0x00000000000003be                __vector_31
                0x00000000000003be                __vector_92
                0x00000000000003be                __vector_35
                0x00000000000003be                __vector_78
                0x00000000000003be                __vector_74
                0x00000000000003be                __vector_117
                0x00000000000003be                __vector_39
                0x00000000000003be                __vector_107
                0x00000000000003be                __vector_3
                0x00000000000003be                __vector_105
                0x00000000000003be                __vector_98
                0x00000000000003be                __vector_23
                0x00000000000003be                __vector_68
                0x00000000000003be                __vector_30
                0x00000000000003be                __vector_73
                0x00000000000003be                __vector_45
                0x00000000000003be                __vector_25
                0x00000000000003be                __vector_61
                0x00000000000003be                __vector_11
                0x00000000000003be                __vector_54
                0x00000000000003be                __vector_99
                0x00000000000003be                __vector_13
                0x00000000000003be                __vector_17
                0x00000000000003be                __vector_19
                0x00000000000003be                __vector_56
                0x00000000000003be                __vector_7
                0x00000000000003be                __vector_125
                0x00000000000003be                __vector_49
                0x00000000000003be                __vector_123
                0x00000000000003be                __vector_41
                0x00000000000003be                __vector_86
                0x00000000000003be                __vector_100
                0x00000000000003be                __vector_101
                0x00000000000003be                __vector_64
                0x00000000000003be                __vector_109
                0x00000000000003be                __vector_43
                0x00000000000003be                __vector_27
                0x00000000000003be                __vector_5
                0x00000000000003be                __vector_113
                0x00000000000003be                __vector_33
                0x00000000000003be                __vector_76
                0x00000000000003be                __vector_115
                0x00000000000003be                __vector_47
                0x00000000000003be                __vector_52
                0x00000000000003be                __vector_37
                0x00000000000003be                __vector_95
                0x00000000000003be                __vector_103
                0x00000000000003be                __vector_96
                0x00000000000003be                __vector_89
                0x00000000000003be                __vector_108
                0x00000000000003be                __vector_4
                0x00000000000003be                __vector_44
                0x00000000000003be                __vector_82
                0x00000000000003be                __vector_106
                0x00000000000003be                __vector_118
                0x00000000000003be                __vector_51
                0x00000000000003be                __vector_9
                0x00000000000003be                __vector_2
                0x00000000000003be                __vector_21
                0x00000000000003be                __vector_15
                0x00000000000003be                __vector_36
                0x00000000000003be                __vector_79
                0x00000000000003be                __vector_58
                0x00000000000003be                __vector_70
                0x00000000000003be                __vector_83
                0x00000000000003be                __vector_29
                0x00000000000003be                __vector_60
                0x00000000000003be                __vector_121
                0x00000000000003be                __vector_40
                0x00000000000003be                __vector_85
                0x00000000000003be                __vector_94
                0x00000000000003be                __vector_126
                0x00000000000003be                __vector_8
                0x00000000000003be                __vector_26
                0x00000000000003be                __vector_48
                0x00000000000003be                __vector_124
                0x00000000000003be                __vector_116
                0x00000000000003be                __vector_112
                0x00000000000003be                __vector_111
                0x00000000000003be                __vector_80
                0x00000000000003be                __vector_14
                0x00000000000003be                __vector_84
                0x00000000000003be                __vector_57
                0x00000000000003be                __vector_53
                0x00000000000003be                __vector_50
                0x00000000000003be                __vector_16
                0x00000000000003be                __vector_59
                0x00000000000003be                __vector_18
                0x00000000000003be                __vector_97
                0x00000000000003be                __vector_20
                0x00000000000003be                __vector_42
                0x00000000000003be                __vector_87
                0x00000000000003be                __vector_65
                0x00000000000003be                __vector_120
 .text          0x00000000000003c2      0x408 obj/Release/communication/Communication.o
                0x00000000000003c2                _ZN13CommunicationD2Ev
                0x00000000000003c2                _ZN13CommunicationD1Ev
                0x00000000000003d2                _ZN13Communication5printEPKc
                0x0000000000000426                _ZN13Communication4sendEPKcS1_ccccc
                0x0000000000000550                _ZN13Communication12sendStandardEPKcS1_cccc
                0x0000000000000570                _ZN13Communication11sendCommandEPKcccc
                0x000000000000059c                _ZN13Communication8sendInfoEPKcS1_
                0x00000000000005ce                _ZN13Communication9sendAlarmEPKcS1_
                0x0000000000000600                _ZN13Communication11sendWarningEPKcS1_
                0x0000000000000632                _ZN13Communication10sendAnswerEPKcPcccch
                0x0000000000000674                _ZN13Communication14sendPureAnswerEPcccch
                0x0000000000000694                _ZN13Communication13sendAnswerIntEPccccmh
                0x0000000000000722                _ZN13Communication16sendAnswerDoubleEPccccdh
                0x00000000000007c4                _ZN13Communication8transmitEh
 .text          0x00000000000007ca      0x190 obj/Release/communication/CRC_Calc.o
                0x00000000000007ca                _ZN8CRC_CalcC1Ev
                0x00000000000007ca                _ZN8CRC_CalcC2Ev
                0x00000000000007e4                _ZN8CRC_CalcD2Ev
                0x00000000000007e4                _ZN8CRC_CalcD1Ev
                0x00000000000007e6                _ZN8CRC_Calc5ResetEv
                0x00000000000007fc                _ZN8CRC_Calc4DataEh
                0x0000000000000806                _ZN8CRC_Calc4DataEc
                0x0000000000000810                _ZN8CRC_Calc6StringEPKc
                0x0000000000000834                _ZN8CRC_Calc7Get_CRCEv
                0x0000000000000844                _ZN8CRC_Calc7Get_CRCEPc
                0x0000000000000876                _ZN8CRC_Calc7compareEPc
                0x00000000000008ea                _ZN8CRC_Calc8Test_CRCEPcS0_h
 .text          0x000000000000095a      0xc0e obj/Release/communication/Serial.o
                0x000000000000095a                _ZN6Serial8transmitEh
                0x0000000000000982                _ZN6Serial5printEPc
                0x00000000000009b8                _ZN6SerialC2Ei
                0x00000000000009b8                _ZN6SerialC1Ei
                0x0000000000000a34                _ZN6Serial4openEhm
                0x0000000000000b34                _ZN6SerialD2Ev
                0x0000000000000b34                _ZN6SerialD1Ev
                0x0000000000000b36                _ZN6Serial7printlnEPc
                0x0000000000000b60                _ZN6Serial7printlnEv
                0x0000000000000b74                _ZN6Serial7print10Em
                0x0000000000000e5c                _ZN6Serial7print10El
                0x000000000000116e                _ZN6Serial5printEhi
                0x0000000000001170                _ZN6Serial9print_binEhcc
                0x00000000000011d2                _ZN6Serial9print_binEmcc
                0x0000000000001268                _ZN6Serial7pformatEPKcz
                0x000000000000140c                _ZN6Serial7printlnEfi
                0x0000000000001430                _ZN6Serial7getCharERc
                0x0000000000001468                _ZN6Serial11input_flushEv
                0x000000000000147a                _ZN6Serial10input_charEv
                0x00000000000014a8                __vector_91
                0x00000000000014f6                __vector_88
                0x0000000000001540                __vector_93
                0x0000000000001554                __vector_90
 .text          0x0000000000001568      0x116 obj/Release/xmegaClocks/xmegaClocks.o
                0x0000000000001568                _Z29CLKSYS_AutoCalibration_Enablehb
                0x00000000000015a0                _Z10init_clockiibh
 .text          0x000000000000167e      0x2e2 obj/Release/IO-Board/CommandFunctions.o
                0x000000000000167e                _Z14jobGotCRCErrorP13CommunicationcccPv
                0x00000000000016a6                _Z17jobGetInputStatusP13CommunicationcccPv
                0x0000000000001726                _Z18jobSetOutputStatusP13CommunicationcccPv
                0x0000000000001788                _Z17jobSetSecurityKeyP13CommunicationcccPv
                0x0000000000001816                _Z17jobGetSecurityKeyP13CommunicationcccPv
                0x000000000000184c                _Z21jobGetCompilationDateP13CommunicationcccPv
                0x00000000000018a8                _Z21jobGetCompilationTimeP13CommunicationcccPv
                0x0000000000001904                _Z16jobGetFreeMemoryP13CommunicationcccPv
 .text          0x0000000000001960      0xa90 obj/Release/IO-Board/ComReceiver.o
                0x0000000000001960                _Z14gotNewMqttTimev
                0x000000000000198a                _Z9getMemoryhh
                0x00000000000019b4                _Z19free_parameter_KNETv
                0x00000000000019ee                _Z5doJobP13Communication
                0x0000000000001c0a                _Z15comStateMachineP13Communication
 .text          0x00000000000023f0       0x4a obj/Release/IO-Board/Globals.o
 .text          0x000000000000243a      0x208 obj/Release/IO-Board/IO-Board.o
                0x000000000000243a                _Z15setOutputStatushh
                0x000000000000246a                _Z14getInputStatushPh
                0x000000000000249e                _Z11reverseBitsh
                0x00000000000024d0                _Z5setupv
                0x00000000000025b6                main
                0x00000000000025f0                __vector_66
 .text          0x0000000000002642       0xee obj/Release/IO-Board/MyTimer.o
                0x0000000000002642                _Z12init_mytimerv
                0x0000000000002670                _Z11no_functionv
                0x0000000000002672                __vector_10
                0x000000000000272e                _Z10LED_toggleh
                0x0000000000002730                . = ALIGN (0x2)
 *(.text.*)
 .text.avr-libc
                0x0000000000002730      0x6fa /home/chrak/.local/share/avr8-gnu-toolchain-linux_x86_64/bin/../lib/gcc/avr/5.4.0/../../../../avr/lib/avrxmega2/libprintf_flt.a(vfprintf_flt.o)
                0x0000000000002730                vfprintf
 .text.libgcc.mul
                0x0000000000002e2a       0x20 /home/chrak/.local/share/avr8-gnu-toolchain-linux_x86_64/bin/../lib/gcc/avr/5.4.0/avrxmega2/libgcc.a(_mulsi3.o)
                0x0000000000002e2a                __mulsi3
 .text.libgcc.div
                0x0000000000002e4a       0x28 /home/chrak/.local/share/avr8-gnu-toolchain-linux_x86_64/bin/../lib/gcc/avr/5.4.0/avrxmega2/libgcc.a(_udivmodhi4.o)
                0x0000000000002e4a                __udivmodhi4
 .text.libgcc.div
                0x0000000000002e72       0x44 /home/chrak/.local/share/avr8-gnu-toolchain-linux_x86_64/bin/../lib/gcc/avr/5.4.0/avrxmega2/libgcc.a(_udivmodsi4.o)
                0x0000000000002e72                __udivmodsi4
 .text.libgcc.div
                0x0000000000002eb6       0x2e /home/chrak/.local/share/avr8-gnu-toolchain-linux_x86_64/bin/../lib/gcc/avr/5.4.0/avrxmega2/libgcc.a(_divmodsi4.o)
                0x0000000000002eb6                __divmodsi4
 .text.libgcc.div
                0x0000000000002ee4       0x10 /home/chrak/.local/share/avr8-gnu-toolchain-linux_x86_64/bin/../lib/gcc/avr/5.4.0/avrxmega2/libgcc.a(_negsi2.o)
                0x0000000000002ee4                __negsi2
 .text.libgcc   0x0000000000002ef4        0xc /home/chrak/.local/share/avr8-gnu-toolchain-linux_x86_64/bin/../lib/gcc/avr/5.4.0/avrxmega2/libgcc.a(_tablejump2.o)
                0x0000000000002ef4                __tablejump2__
 .text.libgcc.mul
                0x0000000000002f00       0x1e /home/chrak/.local/share/avr8-gnu-toolchain-linux_x86_64/bin/../lib/gcc/avr/5.4.0/avrxmega2/libgcc.a(_umulhisi3.o)
                0x0000000000002f00                __umulhisi3
 .text.libgcc.mul
                0x0000000000002f1e       0x16 /home/chrak/.local/share/avr8-gnu-toolchain-linux_x86_64/bin/../lib/gcc/avr/5.4.0/avrxmega2/libgcc.a(_muluhisi3.o)
                0x0000000000002f1e                __muluhisi3
 .text.libgcc.mul
                0x0000000000002f34       0x10 /home/chrak/.local/share/avr8-gnu-toolchain-linux_x86_64/bin/../lib/gcc/avr/5.4.0/avrxmega2/libgcc.a(_mulshisi3.o)
                0x0000000000002f34                __mulshisi3
                0x0000000000002f3a                __mulohisi3
 .text.libgcc.prologue
                0x0000000000002f44       0x32 /home/chrak/.local/share/avr8-gnu-toolchain-linux_x86_64/bin/../lib/gcc/avr/5.4.0/avrxmega2/libgcc.a(_prologue.o)
                0x0000000000002f44                __prologue_saves__
 .text.libgcc.prologue
                0x0000000000002f76       0x30 /home/chrak/.local/share/avr8-gnu-toolchain-linux_x86_64/bin/../lib/gcc/avr/5.4.0/avrxmega2/libgcc.a(_epilogue.o)
                0x0000000000002f76                __epilogue_restores__
 .text.avr-libc.fplib
                0x0000000000002fa6       0x5e /home/chrak/.local/share/avr8-gnu-toolchain-linux_x86_64/bin/../lib/gcc/avr/5.4.0/../../../../avr/lib/avrxmega2/libm.a(fixunssfsi.o)
                0x0000000000002fa6                __fixunssfsi
 .text.avr-libc.fplib
                0x0000000000003004       0x44 /home/chrak/.local/share/avr8-gnu-toolchain-linux_x86_64/bin/../lib/gcc/avr/5.4.0/../../../../avr/lib/avrxmega2/libm.a(fp_split3.o)
                0x0000000000003004                __fp_split3
                0x0000000000003014                __fp_splitA
 .text.avr-libc.fplib
                0x0000000000003048        0xe /home/chrak/.local/share/avr8-gnu-toolchain-linux_x86_64/bin/../lib/gcc/avr/5.4.0/../../../../avr/lib/avrxmega2/libm.a(fp_zero.o)
                0x0000000000003048                __fp_zero
                0x000000000000304a                __fp_szero
 .text.avr-libc
                0x0000000000003056      0x242 /home/chrak/.local/share/avr8-gnu-toolchain-linux_x86_64/bin/../lib/gcc/avr/5.4.0/../../../../avr/lib/avrxmega2/libc.a(malloc.o)
                0x0000000000003056                malloc
                0x0000000000003186                free
 .text.avr-libc
                0x0000000000003298      0x29c /home/chrak/.local/share/avr8-gnu-toolchain-linux_x86_64/bin/../lib/gcc/avr/5.4.0/../../../../avr/lib/avrxmega2/libc.a(strtod.o)
                0x0000000000003298                strtod
 .text.avr-libc
                0x0000000000003534      0x1ea /home/chrak/.local/share/avr8-gnu-toolchain-linux_x86_64/bin/../lib/gcc/avr/5.4.0/../../../../avr/lib/avrxmega2/libc.a(strtoul.o)
                0x0000000000003534                strtoul
 .text.avr-libc
                0x000000000000371e      0x1b0 /home/chrak/.local/share/avr8-gnu-toolchain-linux_x86_64/bin/../lib/gcc/avr/5.4.0/../../../../avr/lib/avrxmega2/libc.a(ftoa_engine.o)
                0x000000000000371e                __ftoa_engine
 .text.avr-libc
                0x00000000000038ce       0x18 /home/chrak/.local/share/avr8-gnu-toolchain-linux_x86_64/bin/../lib/gcc/avr/5.4.0/../../../../avr/lib/avrxmega2/libc.a(isxdigit.o)
                0x00000000000038ce                isxdigit
 .text.avr-libc
                0x00000000000038e6       0x12 /home/chrak/.local/share/avr8-gnu-toolchain-linux_x86_64/bin/../lib/gcc/avr/5.4.0/../../../../avr/lib/avrxmega2/libc.a(isspace.o)
                0x00000000000038e6                isspace
 .text.avr-libc
                0x00000000000038f8       0x10 /home/chrak/.local/share/avr8-gnu-toolchain-linux_x86_64/bin/../lib/gcc/avr/5.4.0/../../../../avr/lib/avrxmega2/libc.a(tolower.o)
                0x00000000000038f8                tolower
 .text.avr-libc
                0x0000000000003908       0x30 /home/chrak/.local/share/avr8-gnu-toolchain-linux_x86_64/bin/../lib/gcc/avr/5.4.0/../../../../avr/lib/avrxmega2/libc.a(strncasecmp_P.o)
                0x0000000000003908                strncasecmp_P
 .text.avr-libc
                0x0000000000003938       0x16 /home/chrak/.local/share/avr8-gnu-toolchain-linux_x86_64/bin/../lib/gcc/avr/5.4.0/../../../../avr/lib/avrxmega2/libc.a(strnlen_P.o)
                0x0000000000003938                strnlen_P
 .text.avr-libc
                0x000000000000394e       0x12 /home/chrak/.local/share/avr8-gnu-toolchain-linux_x86_64/bin/../lib/gcc/avr/5.4.0/../../../../avr/lib/avrxmega2/libc.a(strcmp.o)
                0x000000000000394e                strcmp
 .text.avr-libc
                0x0000000000003960        0xe /home/chrak/.local/share/avr8-gnu-toolchain-linux_x86_64/bin/../lib/gcc/avr/5.4.0/../../../../avr/lib/avrxmega2/libc.a(strcpy.o)
                0x0000000000003960                strcpy
 .text.avr-libc
                0x000000000000396e       0x1e /home/chrak/.local/share/avr8-gnu-toolchain-linux_x86_64/bin/../lib/gcc/avr/5.4.0/../../../../avr/lib/avrxmega2/libc.a(strncpy.o)
                0x000000000000396e                strncpy
 .text.avr-libc
                0x000000000000398c       0x16 /home/chrak/.local/share/avr8-gnu-toolchain-linux_x86_64/bin/../lib/gcc/avr/5.4.0/../../../../avr/lib/avrxmega2/libc.a(strnlen.o)
                0x000000000000398c                strnlen
 .text.avr-libc
                0x00000000000039a2       0x78 /home/chrak/.local/share/avr8-gnu-toolchain-linux_x86_64/bin/../lib/gcc/avr/5.4.0/../../../../avr/lib/avrxmega2/libc.a(fputc.o)
                0x00000000000039a2                fputc
 .text.avr-libc
                0x0000000000003a1a       0x44 /home/chrak/.local/share/avr8-gnu-toolchain-linux_x86_64/bin/../lib/gcc/avr/5.4.0/../../../../avr/lib/avrxmega2/libc.a(sprintf.o)
                0x0000000000003a1a                sprintf
 .text.avr-libc
                0x0000000000003a5e       0xbc /home/chrak/.local/share/avr8-gnu-toolchain-linux_x86_64/bin/../lib/gcc/avr/5.4.0/../../../../avr/lib/avrxmega2/libc.a(ultoa_invert.o)
                0x0000000000003a5e                __ultoa_invert
 .text.avr-libc.fplib
                0x0000000000003b1a        0xa /home/chrak/.local/share/avr8-gnu-toolchain-linux_x86_64/bin/../lib/gcc/avr/5.4.0/../../../../avr/lib/avrxmega2/libc.a(cmpsf2.o)
                0x0000000000003b1a                __lesf2
                0x0000000000003b1a                __nesf2
                0x0000000000003b1a                __eqsf2
                0x0000000000003b1a                __cmpsf2
                0x0000000000003b1a                __ltsf2
 .text.avr-libc.fplib
                0x0000000000003b24       0x7a /home/chrak/.local/share/avr8-gnu-toolchain-linux_x86_64/bin/../lib/gcc/avr/5.4.0/../../../../avr/lib/avrxmega2/libc.a(floatsisf.o)
                0x0000000000003b24                __floatunsisf
                0x0000000000003b28                __floatsisf
 .text.avr-libc.fplib
                0x0000000000003b9e       0x48 /home/chrak/.local/share/avr8-gnu-toolchain-linux_x86_64/bin/../lib/gcc/avr/5.4.0/../../../../avr/lib/avrxmega2/libc.a(fp_cmp.o)
                0x0000000000003b9e                __fp_cmp
 .text.avr-libc.fplib
                0x0000000000003be6        0x8 /home/chrak/.local/share/avr8-gnu-toolchain-linux_x86_64/bin/../lib/gcc/avr/5.4.0/../../../../avr/lib/avrxmega2/libc.a(mulsf3.o)
                0x0000000000003be6                __mulsf3
 .text.avr-libc.fplib
                0x0000000000003bee       0xd2 /home/chrak/.local/share/avr8-gnu-toolchain-linux_x86_64/bin/../lib/gcc/avr/5.4.0/../../../../avr/lib/avrxmega2/libc.a(mulsf3x.o)
                0x0000000000003c0c                __mulsf3x
                0x0000000000003c12                __mulsf3_pse
 .text.avr-libc
                0x0000000000003cc0        0x6 /home/chrak/.local/share/avr8-gnu-toolchain-linux_x86_64/bin/../lib/gcc/avr/5.4.0/../../../../avr/lib/avrxmega2/libc.a(cty_isfalse.o)
                0x0000000000003cc0                __ctype_isfalse
                0x0000000000003cc4                __ctype_istrue
 .text.avr-libc.fplib
                0x0000000000003cc6        0xc /home/chrak/.local/share/avr8-gnu-toolchain-linux_x86_64/bin/../lib/gcc/avr/5.4.0/../../../../avr/lib/avrxmega2/libc.a(fp_inf.o)
                0x0000000000003cc6                __fp_inf
 .text.avr-libc.fplib
                0x0000000000003cd2        0x6 /home/chrak/.local/share/avr8-gnu-toolchain-linux_x86_64/bin/../lib/gcc/avr/5.4.0/../../../../avr/lib/avrxmega2/libc.a(fp_nan.o)
                0x0000000000003cd2                __fp_nan
 .text.avr-libc.fplib
                0x0000000000003cd8        0xe /home/chrak/.local/share/avr8-gnu-toolchain-linux_x86_64/bin/../lib/gcc/avr/5.4.0/../../../../avr/lib/avrxmega2/libc.a(fp_pscA.o)
                0x0000000000003cd8                __fp_pscA
 .text.avr-libc.fplib
                0x0000000000003ce6        0xe /home/chrak/.local/share/avr8-gnu-toolchain-linux_x86_64/bin/../lib/gcc/avr/5.4.0/../../../../avr/lib/avrxmega2/libc.a(fp_pscB.o)
                0x0000000000003ce6                __fp_pscB
 .text.avr-libc.fplib
                0x0000000000003cf4       0x22 /home/chrak/.local/share/avr8-gnu-toolchain-linux_x86_64/bin/../lib/gcc/avr/5.4.0/../../../../avr/lib/avrxmega2/libc.a(fp_round.o)
                0x0000000000003cf4                __fp_round
                0x0000000000003d16                . = ALIGN (0x2)
 *(.fini9)
 .fini9         0x0000000000003d16        0x0 /home/chrak/.local/share/avr8-gnu-toolchain-linux_x86_64/bin/../lib/gcc/avr/5.4.0/avrxmega2/libgcc.a(_exit.o)
                0x0000000000003d16                exit
                0x0000000000003d16                _exit
 *(.fini9)
 *(.fini8)
 *(.fini8)
 *(.fini7)
 *(.fini7)
 *(.fini6)
 .fini6         0x0000000000003d16       0x16 /home/chrak/.local/share/avr8-gnu-toolchain-linux_x86_64/bin/../lib/gcc/avr/5.4.0/avrxmega2/libgcc.a(_dtors.o)
                0x0000000000003d16                __do_global_dtors
 *(.fini6)
 *(.fini5)
 *(.fini5)
 *(.fini4)
 *(.fini4)
 *(.fini3)
 *(.fini3)
 *(.fini2)
 *(.fini2)
 *(.fini1)
 *(.fini1)
 *(.fini0)
 .fini0         0x0000000000003d2c        0x4 /home/chrak/.local/share/avr8-gnu-toolchain-linux_x86_64/bin/../lib/gcc/avr/5.4.0/avrxmega2/libgcc.a(_exit.o)
 *(.fini0)
                0x0000000000003d30                _etext = .

.data           0x0000000000802000      0x1d2 load address 0x0000000000003d30
                0x0000000000802000                PROVIDE (__data_start, .)
 *(.data)
 .data          0x0000000000802000        0x6 /home/chrak/.local/share/avr8-gnu-toolchain-linux_x86_64/bin/../lib/gcc/avr/5.4.0/../../../../avr/lib/avrxmega2/libc.a(malloc.o)
                0x0000000000802000                __malloc_heap_end
                0x0000000000802002                __malloc_heap_start
                0x0000000000802004                __malloc_margin
 *(.data*)
 .data.CTRL_A_36864K
                0x0000000000802006        0x7 obj/Release/communication/Serial.o
                0x0000000000802006                CTRL_A_36864K
 .data.CTRL_A_29491200
                0x000000000080200d        0x7 obj/Release/communication/Serial.o
                0x000000000080200d                CTRL_A_29491200
 .data.CTRL_A_22118400
                0x0000000000802014        0x7 obj/Release/communication/Serial.o
                0x0000000000802014                CTRL_A_22118400
 .data.CTRL_A_18432K
                0x000000000080201b        0x7 obj/Release/communication/Serial.o
                0x000000000080201b                CTRL_A_18432K
 .data.CTRL_B_2M
                0x0000000000802022        0x7 obj/Release/communication/Serial.o
                0x0000000000802022                CTRL_B_2M
 .data.CTRL_A_2M
                0x0000000000802029        0x7 obj/Release/communication/Serial.o
                0x0000000000802029                CTRL_A_2M
 .data.CTRL_B_32M
                0x0000000000802030        0x7 obj/Release/communication/Serial.o
                0x0000000000802030                CTRL_B_32M
 .data.CTRL_A_32M
                0x0000000000802037        0x7 obj/Release/communication/Serial.o
                0x0000000000802037                CTRL_A_32M
 .data.information
                0x000000000080203e        0xc obj/Release/IO-Board/ComReceiver.o
                0x000000000080203e                information
 .data.commands
                0x000000000080204a       0x38 obj/Release/IO-Board/ComReceiver.o
                0x000000000080204a                commands
 .data.crc_KNET
                0x0000000000802082        0x1 obj/Release/IO-Board/ComReceiver.o
                0x0000000000802082                crc_KNET
 .data.outputPins
                0x0000000000802083        0x4 obj/Release/IO-Board/Globals.o
                0x0000000000802083                outputPins
 .data.secondsCounter
                0x0000000000802087        0x4 obj/Release/IO-Board/Globals.o
                0x0000000000802087                secondsCounter
 .data.MqttTime
                0x000000000080208b        0x4 obj/Release/IO-Board/Globals.o
                0x000000000080208b                MqttTime
 .data.MyTimers
                0x000000000080208f        0x8 obj/Release/IO-Board/Globals.o
                0x000000000080208f                MyTimers
 .data.Compilation_Time
                0x0000000000802097        0x9 obj/Release/IO-Board/Globals.o
                0x0000000000802097                Compilation_Time
 .data.Compilation_Date
                0x00000000008020a0        0xc obj/Release/IO-Board/Globals.o
                0x00000000008020a0                Compilation_Date
 .data.quelle_KNET
                0x00000000008020ac        0x3 obj/Release/IO-Board/Globals.o
                0x00000000008020ac                quelle_KNET
 .data.fehler_text
                0x00000000008020af        0xe obj/Release/IO-Board/Globals.o
                0x00000000008020af                fehler_text
 .data.Node     0x00000000008020bd        0x2 obj/Release/IO-Board/Globals.o
                0x00000000008020bd                Node
 *(.gnu.linkonce.d*)
 *(.rodata)
 *(.rodata*)
 .rodata.str1.1
                0x00000000008020bf       0x22 obj/Release/communication/Communication.o
                                         0x23 (size before relaxing)
 .rodata._ZTV13Communication
                0x00000000008020e1        0x8 obj/Release/communication/Communication.o
                0x00000000008020e1                _ZTV13Communication
 .rodata.str1.1
                0x00000000008020e9        0x5 obj/Release/communication/CRC_Calc.o
 .rodata.str1.1
                0x00000000008020ee        0x7 obj/Release/communication/Serial.o
                                          0xa (size before relaxing)
 .rodata._ZZN6Serial7pformatEPKczE3hex
                0x00000000008020f5       0x11 obj/Release/communication/Serial.o
 .rodata._ZTV6Serial
                0x0000000000802106        0x8 obj/Release/communication/Serial.o
                0x0000000000802106                _ZTV6Serial
 .rodata.str1.1
                0x000000000080210e       0x1e obj/Release/IO-Board/CommandFunctions.o
 .rodata.str1.1
                0x000000000080212c       0x14 obj/Release/IO-Board/ComReceiver.o
 .rodata.str1.1
                0x0000000000802140       0x6c obj/Release/IO-Board/Globals.o
 .rodata.str1.1
                0x00000000008021ac       0x16 obj/Release/IO-Board/IO-Board.o
                                         0x19 (size before relaxing)
 .rodata._ZL6lookup
                0x00000000008021c2       0x10 obj/Release/IO-Board/IO-Board.o
 *(.gnu.linkonce.r*)
                0x00000000008021d2                . = ALIGN (0x2)
                0x00000000008021d2                _edata = .
                0x00000000008021d2                PROVIDE (__data_end, .)

.bss            0x00000000008021d2       0xde
                0x00000000008021d2                PROVIDE (__bss_start, .)
 *(.bss)
 *(.bss*)
 .bss.crcGlobal
                0x00000000008021d2        0x2 obj/Release/communication/Communication.o
                0x00000000008021d2                crcGlobal
 .bss.CTRL_B_36864K
                0x00000000008021d4        0x7 obj/Release/communication/Serial.o
                0x00000000008021d4                CTRL_B_36864K
 .bss.CTRL_B_29491200
                0x00000000008021db        0x7 obj/Release/communication/Serial.o
                0x00000000008021db                CTRL_B_29491200
 .bss.CTRL_B_22118400
                0x00000000008021e2        0x7 obj/Release/communication/Serial.o
                0x00000000008021e2                CTRL_B_22118400
 .bss.CTRL_B_18432K
                0x00000000008021e9        0x7 obj/Release/communication/Serial.o
                0x00000000008021e9                CTRL_B_18432K
 .bss.UART1_ring_buffer
                0x00000000008021f0       0x32 obj/Release/communication/Serial.o
                0x00000000008021f0                UART1_ring_buffer
 .bss.UART1_ring_received
                0x0000000000802222        0x1 obj/Release/communication/Serial.o
                0x0000000000802222                UART1_ring_received
 .bss.UART0_ring_buffer
                0x0000000000802223       0x32 obj/Release/communication/Serial.o
                0x0000000000802223                UART0_ring_buffer
 .bss.UART0_ring_received
                0x0000000000802255        0x1 obj/Release/communication/Serial.o
                0x0000000000802255                UART0_ring_received
 .bss._ZZ15comStateMachineP13CommunicationE9crcString
                0x0000000000802256        0x5 obj/Release/IO-Board/ComReceiver.o
 .bss._ZZ15comStateMachineP13CommunicationE8crcIndex
                0x000000000080225b        0x1 obj/Release/IO-Board/ComReceiver.o
 .bss.bootloader_attention
                0x000000000080225c        0x1 obj/Release/IO-Board/ComReceiver.o
                0x000000000080225c                bootloader_attention
 .bss.temp_parameter_text_pointer_KNET
                0x000000000080225d        0x1 obj/Release/IO-Board/ComReceiver.o
                0x000000000080225d                temp_parameter_text_pointer_KNET
 .bss.temp_parameter_text_KNET
                0x000000000080225e        0x2 obj/Release/IO-Board/ComReceiver.o
                0x000000000080225e                temp_parameter_text_KNET
 .bss.parameter_text_pointer_KNET
                0x0000000000802260        0x1 obj/Release/IO-Board/ComReceiver.o
                0x0000000000802260                parameter_text_pointer_KNET
 .bss.parameter_text_length_KNET
                0x0000000000802261        0x1 obj/Release/IO-Board/ComReceiver.o
                0x0000000000802261                parameter_text_length_KNET
 .bss.parameter_text_KNET
                0x0000000000802262        0x2 obj/Release/IO-Board/ComReceiver.o
                0x0000000000802262                parameter_text_KNET
 .bss.address_KNET
                0x0000000000802264        0x1 obj/Release/IO-Board/ComReceiver.o
                0x0000000000802264                address_KNET
 .bss.job_KNET  0x0000000000802265        0x1 obj/Release/IO-Board/ComReceiver.o
                0x0000000000802265                job_KNET
 .bss.function_KNET
                0x0000000000802266        0x1 obj/Release/IO-Board/ComReceiver.o
                0x0000000000802266                function_KNET
 .bss.rec_state_KNET
                0x0000000000802267        0x1 obj/Release/IO-Board/ComReceiver.o
                0x0000000000802267                rec_state_KNET
 .bss.SecurityLevel
                0x0000000000802268        0x1 obj/Release/IO-Board/Globals.o
                0x0000000000802268                SecurityLevel
 .bss.cmulti    0x0000000000802269       0x40 obj/Release/IO-Board/Globals.o
                0x0000000000802269                cmulti
 .bss.isBroadcast
                0x00000000008022a9        0x1 obj/Release/IO-Board/Globals.o
                0x00000000008022a9                isBroadcast
 *(COMMON)
 COMMON         0x00000000008022aa        0x2 /home/chrak/.local/share/avr8-gnu-toolchain-linux_x86_64/bin/../lib/gcc/avr/5.4.0/../../../../avr/lib/avrxmega2/libc.a(errno.o)
                0x00000000008022aa                errno
 COMMON         0x00000000008022ac        0x4 /home/chrak/.local/share/avr8-gnu-toolchain-linux_x86_64/bin/../lib/gcc/avr/5.4.0/../../../../avr/lib/avrxmega2/libc.a(malloc.o)
                0x00000000008022ac                __brkval
                0x00000000008022ae                __flp
                0x00000000008022b0                PROVIDE (__bss_end, .)
                0x0000000000003d30                __data_load_start = LOADADDR (.data)
                0x0000000000003f02                __data_load_end = (__data_load_start + SIZEOF (.data))

.noinit         0x00000000008022b0        0x0
                [!provide]                        PROVIDE (__noinit_start, .)
 *(.noinit*)
                [!provide]                        PROVIDE (__noinit_end, .)
                0x00000000008022b0                _end = .
                0x00000000008022b0                PROVIDE (__heap_start, .)

.eeprom         0x0000000000810000        0x0
 *(.eeprom*)
                0x0000000000810000                __eeprom_end = .

.fuse
 *(.fuse)
 *(.lfuse)
 *(.hfuse)
 *(.efuse)

.lock
 *(.lock*)

.signature
 *(.signature*)

.user_signatures
 *(.user_signatures*)

.stab
 *(.stab)

.stabstr
 *(.stabstr)

.stab.excl
 *(.stab.excl)

.stab.exclstr
 *(.stab.exclstr)

.stab.index
 *(.stab.index)

.stab.indexstr
 *(.stab.indexstr)

.comment        0x0000000000000000       0x5c
 *(.comment)
 .comment       0x0000000000000000       0x30 obj/Release/communication/Communication.o
                                         0x31 (size before relaxing)
 .comment       0x0000000000000030       0x31 obj/Release/communication/CRC_Calc.o
 .comment       0x0000000000000030       0x31 obj/Release/communication/Serial.o
 .comment       0x0000000000000030       0x31 obj/Release/xmegaClocks/xmegaClocks.o
 .comment       0x0000000000000030       0x31 obj/Release/IO-Board/CommandFunctions.o
 .comment       0x0000000000000030       0x31 obj/Release/IO-Board/ComReceiver.o
 .comment       0x0000000000000030       0x31 obj/Release/IO-Board/Globals.o
 .comment       0x0000000000000030       0x31 obj/Release/IO-Board/IO-Board.o
 .comment       0x0000000000000030       0x31 obj/Release/IO-Board/MyTimer.o
 .comment       0x0000000000000030       0x2c /home/chrak/.local/share/avr8-gnu-toolchain-linux_x86_64/bin/../lib/gcc/avr/5.4.0/../../../../avr/lib/avrxmega2/libprintf_flt.a(vfprintf_flt.o)
                                         0x2d (size before relaxing)
 .comment       0x000000000000005c       0x2d /home/chrak/.local/share/avr8-gnu-toolchain-linux_x86_64/bin/../lib/gcc/avr/5.4.0/../../../../avr/lib/avrxmega2/libc.a(errno.o)
 .comment       0x000000000000005c       0x2d /home/chrak/.local/share/avr8-gnu-toolchain-linux_x86_64/bin/../lib/gcc/avr/5.4.0/../../../../avr/lib/avrxmega2/libc.a(malloc.o)
 .comment       0x000000000000005c       0x2d /home/chrak/.local/share/avr8-gnu-toolchain-linux_x86_64/bin/../lib/gcc/avr/5.4.0/../../../../avr/lib/avrxmega2/libc.a(strtod.o)
 .comment       0x000000000000005c       0x2d /home/chrak/.local/share/avr8-gnu-toolchain-linux_x86_64/bin/../lib/gcc/avr/5.4.0/../../../../avr/lib/avrxmega2/libc.a(strtoul.o)
 .comment       0x000000000000005c       0x2d /home/chrak/.local/share/avr8-gnu-toolchain-linux_x86_64/bin/../lib/gcc/avr/5.4.0/../../../../avr/lib/avrxmega2/libc.a(fputc.o)
 .comment       0x000000000000005c       0x2d /home/chrak/.local/share/avr8-gnu-toolchain-linux_x86_64/bin/../lib/gcc/avr/5.4.0/../../../../avr/lib/avrxmega2/libc.a(sprintf.o)

.note.gnu.avr.deviceinfo
                0x0000000000000000       0x40
 .note.gnu.avr.deviceinfo
                0x0000000000000000       0x40 /home/chrak/.local/share/avr8-gnu-toolchain-linux_x86_64/bin/../lib/gcc/avr/5.4.0/../../../../avr/lib/avrxmega2/crtatxmega32a4u.o

.note.gnu.build-id
 *(.note.gnu.build-id)

.debug
 *(.debug)

.line
 *(.line)

.debug_srcinfo
 *(.debug_srcinfo)

.debug_sfnames
 *(.debug_sfnames)

.debug_aranges
 *(.debug_aranges)

.debug_pubnames
 *(.debug_pubnames)

.debug_info     0x0000000000000000     0x284f
 *(.debug_info .gnu.linkonce.wi.*)
 .debug_info    0x0000000000000000     0x284f /home/chrak/.local/share/avr8-gnu-toolchain-linux_x86_64/bin/../lib/gcc/avr/5.4.0/../../../../avr/lib/avrxmega2/crtatxmega32a4u.o

.debug_abbrev   0x0000000000000000     0x262c
 *(.debug_abbrev)
 .debug_abbrev  0x0000000000000000     0x262c /home/chrak/.local/share/avr8-gnu-toolchain-linux_x86_64/bin/../lib/gcc/avr/5.4.0/../../../../avr/lib/avrxmega2/crtatxmega32a4u.o

.debug_line     0x0000000000000000       0x1a
 *(.debug_line .debug_line.* .debug_line_end)
 .debug_line    0x0000000000000000       0x1a /home/chrak/.local/share/avr8-gnu-toolchain-linux_x86_64/bin/../lib/gcc/avr/5.4.0/../../../../avr/lib/avrxmega2/crtatxmega32a4u.o

.debug_frame
 *(.debug_frame)

.debug_str      0x0000000000000000     0x1aa8
 *(.debug_str)
 .debug_str     0x0000000000000000     0x1aa8 /home/chrak/.local/share/avr8-gnu-toolchain-linux_x86_64/bin/../lib/gcc/avr/5.4.0/../../../../avr/lib/avrxmega2/crtatxmega32a4u.o

.debug_loc
 *(.debug_loc)

.debug_macinfo
 *(.debug_macinfo)

.debug_weaknames
 *(.debug_weaknames)

.debug_funcnames
 *(.debug_funcnames)

.debug_typenames
 *(.debug_typenames)

.debug_varnames
 *(.debug_varnames)

.debug_pubtypes
 *(.debug_pubtypes)

.debug_ranges
 *(.debug_ranges)

.debug_macro
 *(.debug_macro)
OUTPUT(bin/Release/IO-Board.elf elf32-avr)
LOAD linker stubs

Cross Reference Table

Symbol                                            File
CTRL_A_18432K                                     obj/Release/communication/Serial.o
CTRL_A_22118400                                   obj/Release/communication/Serial.o
CTRL_A_29491200                                   obj/Release/communication/Serial.o
CTRL_A_2M                                         obj/Release/communication/Serial.o
CTRL_A_32M                                        obj/Release/communication/Serial.o
CTRL_A_36864K                                     obj/Release/communication/Serial.o
CTRL_B_18432K                                     obj/Release/communication/Serial.o
CTRL_B_22118400                                   obj/Release/communication/Serial.o
CTRL_B_29491200                                   obj/Release/communication/Serial.o
CTRL_B_2M                                         obj/Release/communication/Serial.o
CTRL_B_32M                                        obj/Release/communication/Serial.o
CTRL_B_36864K                                     obj/Release/communication/Serial.o
Compilation_Date                                  obj/Release/IO-Board/Globals.o
                                                  obj/Release/IO-Board/CommandFunctions.o
Compilation_Time                                  obj/Release/IO-Board/Globals.o
                                                  obj/Release/IO-Board/CommandFunctions.o
MqttTime                                          obj/Release/IO-Board/Globals.o
                                                  obj/Release/IO-Board/ComReceiver.o
MyTimers                                          obj/Release/IO-Board/Globals.o
                                                  obj/Release/IO-Board/MyTimer.o
Node                                              obj/Release/IO-Board/Globals.o
                                                  obj/Release/IO-Board/ComReceiver.o
SecurityLevel                                     obj/Release/IO-Board/Globals.o
                                                  obj/Release/IO-Board/ComReceiver.o
                                                  obj/Release/IO-Board/CommandFunctions.o
UART0_ring_buffer                                 obj/Release/communication/Serial.o
UART0_ring_received                               obj/Release/communication/Serial.o
UART1_ring_buffer                                 obj/Release/communication/Serial.o
UART1_ring_received                               obj/Release/communication/Serial.o
_Z10LED_toggleh                                   obj/Release/IO-Board/MyTimer.o
                                                  obj/Release/IO-Board/Globals.o
_Z10init_clockiibh                                obj/Release/xmegaClocks/xmegaClocks.o
                                                  obj/Release/IO-Board/IO-Board.o
_Z11no_functionv                                  obj/Release/IO-Board/MyTimer.o
_Z11reverseBitsh                                  obj/Release/IO-Board/IO-Board.o
_Z12init_mytimerv                                 obj/Release/IO-Board/MyTimer.o
_Z14getInputStatushPh                             obj/Release/IO-Board/IO-Board.o
                                                  obj/Release/IO-Board/CommandFunctions.o
_Z14gotNewMqttTimev                               obj/Release/IO-Board/ComReceiver.o
_Z14jobGotCRCErrorP13CommunicationcccPv           obj/Release/IO-Board/CommandFunctions.o
                                                  obj/Release/IO-Board/ComReceiver.o
_Z15comStateMachineP13Communication               obj/Release/IO-Board/ComReceiver.o
                                                  obj/Release/IO-Board/IO-Board.o
_Z15setOutputStatushh                             obj/Release/IO-Board/IO-Board.o
                                                  obj/Release/IO-Board/CommandFunctions.o
_Z16jobGetFreeMemoryP13CommunicationcccPv         obj/Release/IO-Board/CommandFunctions.o
                                                  obj/Release/IO-Board/ComReceiver.o
_Z17jobGetInputStatusP13CommunicationcccPv        obj/Release/IO-Board/CommandFunctions.o
                                                  obj/Release/IO-Board/ComReceiver.o
_Z17jobGetSecurityKeyP13CommunicationcccPv        obj/Release/IO-Board/CommandFunctions.o
                                                  obj/Release/IO-Board/ComReceiver.o
_Z17jobSetSecurityKeyP13CommunicationcccPv        obj/Release/IO-Board/CommandFunctions.o
                                                  obj/Release/IO-Board/ComReceiver.o
_Z18jobSetOutputStatusP13CommunicationcccPv       obj/Release/IO-Board/CommandFunctions.o
                                                  obj/Release/IO-Board/ComReceiver.o
_Z19free_parameter_KNETv                          obj/Release/IO-Board/ComReceiver.o
_Z21jobGetCompilationDateP13CommunicationcccPv    obj/Release/IO-Board/CommandFunctions.o
                                                  obj/Release/IO-Board/ComReceiver.o
_Z21jobGetCompilationTimeP13CommunicationcccPv    obj/Release/IO-Board/CommandFunctions.o
                                                  obj/Release/IO-Board/ComReceiver.o
_Z29CLKSYS_AutoCalibration_Enablehb               obj/Release/xmegaClocks/xmegaClocks.o
_Z5doJobP13Communication                          obj/Release/IO-Board/ComReceiver.o
                                                  obj/Release/IO-Board/IO-Board.o
_Z5setupv                                         obj/Release/IO-Board/IO-Board.o
_Z9getMemoryhh                                    obj/Release/IO-Board/ComReceiver.o
_ZN13Communication10sendAnswerEPKcPcccch          obj/Release/communication/Communication.o
                                                  obj/Release/IO-Board/ComReceiver.o
                                                  obj/Release/IO-Board/CommandFunctions.o
_ZN13Communication11sendCommandEPKcccc            obj/Release/communication/Communication.o
_ZN13Communication11sendWarningEPKcS1_            obj/Release/communication/Communication.o
_ZN13Communication12sendStandardEPKcS1_cccc       obj/Release/communication/Communication.o
                                                  obj/Release/IO-Board/IO-Board.o
_ZN13Communication13sendAnswerIntEPccccmh         obj/Release/communication/Communication.o
                                                  obj/Release/IO-Board/CommandFunctions.o
_ZN13Communication14sendPureAnswerEPcccch         obj/Release/communication/Communication.o
                                                  obj/Release/IO-Board/CommandFunctions.o
_ZN13Communication16sendAnswerDoubleEPccccdh      obj/Release/communication/Communication.o
_ZN13Communication4sendEPKcS1_ccccc               obj/Release/communication/Communication.o
_ZN13Communication5printEPKc                      obj/Release/communication/Communication.o
_ZN13Communication8sendInfoEPKcS1_                obj/Release/communication/Communication.o
                                                  obj/Release/IO-Board/ComReceiver.o
_ZN13Communication8transmitEh                     obj/Release/communication/Communication.o
_ZN13Communication9sendAlarmEPKcS1_               obj/Release/communication/Communication.o
_ZN13CommunicationD1Ev                            obj/Release/communication/Communication.o
                                                  obj/Release/IO-Board/Globals.o
_ZN13CommunicationD2Ev                            obj/Release/communication/Communication.o
_ZN6Serial10input_charEv                          obj/Release/communication/Serial.o
_ZN6Serial11input_flushEv                         obj/Release/communication/Serial.o
_ZN6Serial4openEhm                                obj/Release/communication/Serial.o
                                                  obj/Release/IO-Board/IO-Board.o
_ZN6Serial5printEPc                               obj/Release/communication/Serial.o
                                                  obj/Release/communication/Communication.o
_ZN6Serial5printEhi                               obj/Release/communication/Serial.o
_ZN6Serial7getCharERc                             obj/Release/communication/Serial.o
                                                  obj/Release/IO-Board/ComReceiver.o
_ZN6Serial7pformatEPKcz                           obj/Release/communication/Serial.o
_ZN6Serial7print10El                              obj/Release/communication/Serial.o
_ZN6Serial7print10Em                              obj/Release/communication/Serial.o
_ZN6Serial7printlnEPc                             obj/Release/communication/Serial.o
                                                  obj/Release/IO-Board/IO-Board.o
_ZN6Serial7printlnEfi                             obj/Release/communication/Serial.o
_ZN6Serial7printlnEv                              obj/Release/communication/Serial.o
_ZN6Serial8transmitEh                             obj/Release/communication/Serial.o
                                                  obj/Release/communication/Communication.o
_ZN6Serial9print_binEhcc                          obj/Release/communication/Serial.o
_ZN6Serial9print_binEmcc                          obj/Release/communication/Serial.o
_ZN6SerialC1Ei                                    obj/Release/communication/Serial.o
_ZN6SerialC2Ei                                    obj/Release/communication/Serial.o
                                                  obj/Release/IO-Board/Globals.o
_ZN6SerialD1Ev                                    obj/Release/communication/Serial.o
_ZN6SerialD2Ev                                    obj/Release/communication/Serial.o
                                                  obj/Release/communication/Communication.o
_ZN8CRC_Calc4DataEc                               obj/Release/communication/CRC_Calc.o
                                                  obj/Release/IO-Board/ComReceiver.o
_ZN8CRC_Calc4DataEh                               obj/Release/communication/CRC_Calc.o
_ZN8CRC_Calc5ResetEv                              obj/Release/communication/CRC_Calc.o
                                                  obj/Release/IO-Board/ComReceiver.o
                                                  obj/Release/communication/Communication.o
_ZN8CRC_Calc6StringEPKc                           obj/Release/communication/CRC_Calc.o
                                                  obj/Release/communication/Communication.o
_ZN8CRC_Calc7Get_CRCEPc                           obj/Release/communication/CRC_Calc.o
                                                  obj/Release/communication/Communication.o
_ZN8CRC_Calc7Get_CRCEv                            obj/Release/communication/CRC_Calc.o
_ZN8CRC_Calc7compareEPc                           obj/Release/communication/CRC_Calc.o
                                                  obj/Release/IO-Board/ComReceiver.o
_ZN8CRC_Calc8Test_CRCEPcS0_h                      obj/Release/communication/CRC_Calc.o
_ZN8CRC_CalcC1Ev                                  obj/Release/communication/CRC_Calc.o
                                                  obj/Release/communication/Communication.o
_ZN8CRC_CalcC2Ev                                  obj/Release/communication/CRC_Calc.o
_ZN8CRC_CalcD1Ev                                  obj/Release/communication/CRC_Calc.o
                                                  obj/Release/communication/Communication.o
_ZN8CRC_CalcD2Ev                                  obj/Release/communication/CRC_Calc.o
_ZTV13Communication                               obj/Release/communication/Communication.o
                                                  obj/Release/IO-Board/Globals.o
_ZTV6Serial                                       obj/Release/communication/Serial.o
_ZdlPv                                            obj/Release/IO-Board/Operators.o
_Znwj                                             obj/Release/IO-Board/Operators.o
__FUSE_REGION_LENGTH__                            /home/chrak/.local/share/avr8-gnu-toolchain-linux_x86_64/bin/../lib/gcc/avr/5.4.0/../../../../avr/lib/avrxmega2/crtatxmega32a4u.o
__bad_interrupt                                   /home/chrak/.local/share/avr8-gnu-toolchain-linux_x86_64/bin/../lib/gcc/avr/5.4.0/../../../../avr/lib/avrxmega2/crtatxmega32a4u.o
__brkval                                          /home/chrak/.local/share/avr8-gnu-toolchain-linux_x86_64/bin/../lib/gcc/avr/5.4.0/../../../../avr/lib/avrxmega2/libc.a(malloc.o)
                                                  obj/Release/IO-Board/CommandFunctions.o
__bss_end                                         /home/chrak/.local/share/avr8-gnu-toolchain-linux_x86_64/bin/../lib/gcc/avr/5.4.0/avrxmega2/libgcc.a(_clear_bss.o)
__bss_start                                       /home/chrak/.local/share/avr8-gnu-toolchain-linux_x86_64/bin/../lib/gcc/avr/5.4.0/avrxmega2/libgcc.a(_clear_bss.o)
__cmpsf2                                          /home/chrak/.local/share/avr8-gnu-toolchain-linux_x86_64/bin/../lib/gcc/avr/5.4.0/../../../../avr/lib/avrxmega2/libc.a(cmpsf2.o)
__ctors_end                                       /home/chrak/.local/share/avr8-gnu-toolchain-linux_x86_64/bin/../lib/gcc/avr/5.4.0/avrxmega2/libgcc.a(_ctors.o)
__ctors_start                                     /home/chrak/.local/share/avr8-gnu-toolchain-linux_x86_64/bin/../lib/gcc/avr/5.4.0/avrxmega2/libgcc.a(_ctors.o)
__ctype_isfalse                                   /home/chrak/.local/share/avr8-gnu-toolchain-linux_x86_64/bin/../lib/gcc/avr/5.4.0/../../../../avr/lib/avrxmega2/libc.a(cty_isfalse.o)
                                                  /home/chrak/.local/share/avr8-gnu-toolchain-linux_x86_64/bin/../lib/gcc/avr/5.4.0/../../../../avr/lib/avrxmega2/libc.a(isspace.o)
                                                  /home/chrak/.local/share/avr8-gnu-toolchain-linux_x86_64/bin/../lib/gcc/avr/5.4.0/../../../../avr/lib/avrxmega2/libc.a(isxdigit.o)
__ctype_istrue                                    /home/chrak/.local/share/avr8-gnu-toolchain-linux_x86_64/bin/../lib/gcc/avr/5.4.0/../../../../avr/lib/avrxmega2/libc.a(cty_isfalse.o)
__data_end                                        /home/chrak/.local/share/avr8-gnu-toolchain-linux_x86_64/bin/../lib/gcc/avr/5.4.0/avrxmega2/libgcc.a(_copy_data.o)
__data_load_start                                 /home/chrak/.local/share/avr8-gnu-toolchain-linux_x86_64/bin/../lib/gcc/avr/5.4.0/avrxmega2/libgcc.a(_copy_data.o)
__data_start                                      /home/chrak/.local/share/avr8-gnu-toolchain-linux_x86_64/bin/../lib/gcc/avr/5.4.0/avrxmega2/libgcc.a(_copy_data.o)
__divmodsi4                                       /home/chrak/.local/share/avr8-gnu-toolchain-linux_x86_64/bin/../lib/gcc/avr/5.4.0/avrxmega2/libgcc.a(_divmodsi4.o)
                                                  obj/Release/communication/Serial.o
__do_clear_bss                                    /home/chrak/.local/share/avr8-gnu-toolchain-linux_x86_64/bin/../lib/gcc/avr/5.4.0/avrxmega2/libgcc.a(_clear_bss.o)
                                                  /home/chrak/.local/share/avr8-gnu-toolchain-linux_x86_64/bin/../lib/gcc/avr/5.4.0/../../../../avr/lib/avrxmega2/libc.a(malloc.o)
                                                  /home/chrak/.local/share/avr8-gnu-toolchain-linux_x86_64/bin/../lib/gcc/avr/5.4.0/../../../../avr/lib/avrxmega2/libc.a(errno.o)
                                                  obj/Release/IO-Board/Globals.o
                                                  obj/Release/IO-Board/ComReceiver.o
                                                  obj/Release/communication/Serial.o
                                                  obj/Release/communication/Communication.o
__do_copy_data                                    /home/chrak/.local/share/avr8-gnu-toolchain-linux_x86_64/bin/../lib/gcc/avr/5.4.0/avrxmega2/libgcc.a(_copy_data.o)
                                                  /home/chrak/.local/share/avr8-gnu-toolchain-linux_x86_64/bin/../lib/gcc/avr/5.4.0/../../../../avr/lib/avrxmega2/libc.a(malloc.o)
                                                  obj/Release/IO-Board/IO-Board.o
                                                  obj/Release/IO-Board/Globals.o
                                                  obj/Release/IO-Board/ComReceiver.o
                                                  obj/Release/IO-Board/CommandFunctions.o
                                                  obj/Release/communication/Serial.o
                                                  obj/Release/communication/CRC_Calc.o
                                                  obj/Release/communication/Communication.o
__do_global_ctors                                 /home/chrak/.local/share/avr8-gnu-toolchain-linux_x86_64/bin/../lib/gcc/avr/5.4.0/avrxmega2/libgcc.a(_ctors.o)
                                                  obj/Release/IO-Board/Globals.o
                                                  obj/Release/communication/Communication.o
__do_global_dtors                                 /home/chrak/.local/share/avr8-gnu-toolchain-linux_x86_64/bin/../lib/gcc/avr/5.4.0/avrxmega2/libgcc.a(_dtors.o)
                                                  obj/Release/IO-Board/Globals.o
                                                  obj/Release/communication/Communication.o
__dtors_end                                       /home/chrak/.local/share/avr8-gnu-toolchain-linux_x86_64/bin/../lib/gcc/avr/5.4.0/avrxmega2/libgcc.a(_dtors.o)
__dtors_start                                     /home/chrak/.local/share/avr8-gnu-toolchain-linux_x86_64/bin/../lib/gcc/avr/5.4.0/avrxmega2/libgcc.a(_dtors.o)
__epilogue_restores__                             /home/chrak/.local/share/avr8-gnu-toolchain-linux_x86_64/bin/../lib/gcc/avr/5.4.0/avrxmega2/libgcc.a(_epilogue.o)
                                                  /home/chrak/.local/share/avr8-gnu-toolchain-linux_x86_64/bin/../lib/gcc/avr/5.4.0/../../../../avr/lib/avrxmega2/libc.a(sprintf.o)
                                                  /home/chrak/.local/share/avr8-gnu-toolchain-linux_x86_64/bin/../lib/gcc/avr/5.4.0/../../../../avr/lib/avrxmega2/libc.a(strtoul.o)
                                                  /home/chrak/.local/share/avr8-gnu-toolchain-linux_x86_64/bin/../lib/gcc/avr/5.4.0/../../../../avr/lib/avrxmega2/libc.a(strtod.o)
                                                  /home/chrak/.local/share/avr8-gnu-toolchain-linux_x86_64/bin/../lib/gcc/avr/5.4.0/../../../../avr/lib/avrxmega2/libprintf_flt.a(vfprintf_flt.o)
__eqsf2                                           /home/chrak/.local/share/avr8-gnu-toolchain-linux_x86_64/bin/../lib/gcc/avr/5.4.0/../../../../avr/lib/avrxmega2/libc.a(cmpsf2.o)
                                                  /home/chrak/.local/share/avr8-gnu-toolchain-linux_x86_64/bin/../lib/gcc/avr/5.4.0/../../../../avr/lib/avrxmega2/libc.a(strtod.o)
__fixunssfsi                                      /home/chrak/.local/share/avr8-gnu-toolchain-linux_x86_64/bin/../lib/gcc/avr/5.4.0/../../../../avr/lib/avrxmega2/libm.a(fixunssfsi.o)
                                                  obj/Release/IO-Board/ComReceiver.o
__floatsisf                                       /home/chrak/.local/share/avr8-gnu-toolchain-linux_x86_64/bin/../lib/gcc/avr/5.4.0/../../../../avr/lib/avrxmega2/libc.a(floatsisf.o)
__floatunsisf                                     /home/chrak/.local/share/avr8-gnu-toolchain-linux_x86_64/bin/../lib/gcc/avr/5.4.0/../../../../avr/lib/avrxmega2/libc.a(floatsisf.o)
                                                  /home/chrak/.local/share/avr8-gnu-toolchain-linux_x86_64/bin/../lib/gcc/avr/5.4.0/../../../../avr/lib/avrxmega2/libc.a(strtod.o)
__flp                                             /home/chrak/.local/share/avr8-gnu-toolchain-linux_x86_64/bin/../lib/gcc/avr/5.4.0/../../../../avr/lib/avrxmega2/libc.a(malloc.o)
__fp_cmp                                          /home/chrak/.local/share/avr8-gnu-toolchain-linux_x86_64/bin/../lib/gcc/avr/5.4.0/../../../../avr/lib/avrxmega2/libc.a(fp_cmp.o)
                                                  /home/chrak/.local/share/avr8-gnu-toolchain-linux_x86_64/bin/../lib/gcc/avr/5.4.0/../../../../avr/lib/avrxmega2/libc.a(cmpsf2.o)
__fp_inf                                          /home/chrak/.local/share/avr8-gnu-toolchain-linux_x86_64/bin/../lib/gcc/avr/5.4.0/../../../../avr/lib/avrxmega2/libc.a(fp_inf.o)
                                                  /home/chrak/.local/share/avr8-gnu-toolchain-linux_x86_64/bin/../lib/gcc/avr/5.4.0/../../../../avr/lib/avrxmega2/libc.a(mulsf3x.o)
__fp_nan                                          /home/chrak/.local/share/avr8-gnu-toolchain-linux_x86_64/bin/../lib/gcc/avr/5.4.0/../../../../avr/lib/avrxmega2/libc.a(fp_nan.o)
                                                  /home/chrak/.local/share/avr8-gnu-toolchain-linux_x86_64/bin/../lib/gcc/avr/5.4.0/../../../../avr/lib/avrxmega2/libc.a(mulsf3x.o)
__fp_pscA                                         /home/chrak/.local/share/avr8-gnu-toolchain-linux_x86_64/bin/../lib/gcc/avr/5.4.0/../../../../avr/lib/avrxmega2/libc.a(fp_pscA.o)
                                                  /home/chrak/.local/share/avr8-gnu-toolchain-linux_x86_64/bin/../lib/gcc/avr/5.4.0/../../../../avr/lib/avrxmega2/libc.a(mulsf3x.o)
__fp_pscB                                         /home/chrak/.local/share/avr8-gnu-toolchain-linux_x86_64/bin/../lib/gcc/avr/5.4.0/../../../../avr/lib/avrxmega2/libc.a(fp_pscB.o)
                                                  /home/chrak/.local/share/avr8-gnu-toolchain-linux_x86_64/bin/../lib/gcc/avr/5.4.0/../../../../avr/lib/avrxmega2/libc.a(mulsf3x.o)
__fp_round                                        /home/chrak/.local/share/avr8-gnu-toolchain-linux_x86_64/bin/../lib/gcc/avr/5.4.0/../../../../avr/lib/avrxmega2/libc.a(fp_round.o)
                                                  /home/chrak/.local/share/avr8-gnu-toolchain-linux_x86_64/bin/../lib/gcc/avr/5.4.0/../../../../avr/lib/avrxmega2/libc.a(mulsf3.o)
__fp_split3                                       /home/chrak/.local/share/avr8-gnu-toolchain-linux_x86_64/bin/../lib/gcc/avr/5.4.0/../../../../avr/lib/avrxmega2/libm.a(fp_split3.o)
                                                  /home/chrak/.local/share/avr8-gnu-toolchain-linux_x86_64/bin/../lib/gcc/avr/5.4.0/../../../../avr/lib/avrxmega2/libc.a(mulsf3x.o)
__fp_splitA                                       /home/chrak/.local/share/avr8-gnu-toolchain-linux_x86_64/bin/../lib/gcc/avr/5.4.0/../../../../avr/lib/avrxmega2/libm.a(fp_split3.o)
                                                  /home/chrak/.local/share/avr8-gnu-toolchain-linux_x86_64/bin/../lib/gcc/avr/5.4.0/../../../../avr/lib/avrxmega2/libm.a(fixunssfsi.o)
__fp_szero                                        /home/chrak/.local/share/avr8-gnu-toolchain-linux_x86_64/bin/../lib/gcc/avr/5.4.0/../../../../avr/lib/avrxmega2/libm.a(fp_zero.o)
                                                  /home/chrak/.local/share/avr8-gnu-toolchain-linux_x86_64/bin/../lib/gcc/avr/5.4.0/../../../../avr/lib/avrxmega2/libc.a(mulsf3x.o)
__fp_zero                                         /home/chrak/.local/share/avr8-gnu-toolchain-linux_x86_64/bin/../lib/gcc/avr/5.4.0/../../../../avr/lib/avrxmega2/libm.a(fp_zero.o)
                                                  /home/chrak/.local/share/avr8-gnu-toolchain-linux_x86_64/bin/../lib/gcc/avr/5.4.0/../../../../avr/lib/avrxmega2/libm.a(fixunssfsi.o)
__ftoa_engine                                     /home/chrak/.local/share/avr8-gnu-toolchain-linux_x86_64/bin/../lib/gcc/avr/5.4.0/../../../../avr/lib/avrxmega2/libc.a(ftoa_engine.o)
                                                  /home/chrak/.local/share/avr8-gnu-toolchain-linux_x86_64/bin/../lib/gcc/avr/5.4.0/../../../../avr/lib/avrxmega2/libprintf_flt.a(vfprintf_flt.o)
__heap_end                                        /home/chrak/.local/share/avr8-gnu-toolchain-linux_x86_64/bin/../lib/gcc/avr/5.4.0/../../../../avr/lib/avrxmega2/crtatxmega32a4u.o
                                                  /home/chrak/.local/share/avr8-gnu-toolchain-linux_x86_64/bin/../lib/gcc/avr/5.4.0/../../../../avr/lib/avrxmega2/libc.a(malloc.o)
__heap_start                                      /home/chrak/.local/share/avr8-gnu-toolchain-linux_x86_64/bin/../lib/gcc/avr/5.4.0/../../../../avr/lib/avrxmega2/libc.a(malloc.o)
                                                  obj/Release/IO-Board/CommandFunctions.o
__init                                            /home/chrak/.local/share/avr8-gnu-toolchain-linux_x86_64/bin/../lib/gcc/avr/5.4.0/../../../../avr/lib/avrxmega2/crtatxmega32a4u.o
__lesf2                                           /home/chrak/.local/share/avr8-gnu-toolchain-linux_x86_64/bin/../lib/gcc/avr/5.4.0/../../../../avr/lib/avrxmega2/libc.a(cmpsf2.o)
__ltsf2                                           /home/chrak/.local/share/avr8-gnu-toolchain-linux_x86_64/bin/../lib/gcc/avr/5.4.0/../../../../avr/lib/avrxmega2/libc.a(cmpsf2.o)
__malloc_heap_end                                 /home/chrak/.local/share/avr8-gnu-toolchain-linux_x86_64/bin/../lib/gcc/avr/5.4.0/../../../../avr/lib/avrxmega2/libc.a(malloc.o)
__malloc_heap_start                               /home/chrak/.local/share/avr8-gnu-toolchain-linux_x86_64/bin/../lib/gcc/avr/5.4.0/../../../../avr/lib/avrxmega2/libc.a(malloc.o)
__malloc_margin                                   /home/chrak/.local/share/avr8-gnu-toolchain-linux_x86_64/bin/../lib/gcc/avr/5.4.0/../../../../avr/lib/avrxmega2/libc.a(malloc.o)
__mulohisi3                                       /home/chrak/.local/share/avr8-gnu-toolchain-linux_x86_64/bin/../lib/gcc/avr/5.4.0/avrxmega2/libgcc.a(_mulshisi3.o)
                                                  obj/Release/communication/Serial.o
__mulsf3                                          /home/chrak/.local/share/avr8-gnu-toolchain-linux_x86_64/bin/../lib/gcc/avr/5.4.0/../../../../avr/lib/avrxmega2/libc.a(mulsf3.o)
                                                  /home/chrak/.local/share/avr8-gnu-toolchain-linux_x86_64/bin/../lib/gcc/avr/5.4.0/../../../../avr/lib/avrxmega2/libc.a(strtod.o)
__mulsf3_pse                                      /home/chrak/.local/share/avr8-gnu-toolchain-linux_x86_64/bin/../lib/gcc/avr/5.4.0/../../../../avr/lib/avrxmega2/libc.a(mulsf3x.o)
__mulsf3x                                         /home/chrak/.local/share/avr8-gnu-toolchain-linux_x86_64/bin/../lib/gcc/avr/5.4.0/../../../../avr/lib/avrxmega2/libc.a(mulsf3x.o)
                                                  /home/chrak/.local/share/avr8-gnu-toolchain-linux_x86_64/bin/../lib/gcc/avr/5.4.0/../../../../avr/lib/avrxmega2/libc.a(mulsf3.o)
__mulshisi3                                       /home/chrak/.local/share/avr8-gnu-toolchain-linux_x86_64/bin/../lib/gcc/avr/5.4.0/avrxmega2/libgcc.a(_mulshisi3.o)
__mulsi3                                          /home/chrak/.local/share/avr8-gnu-toolchain-linux_x86_64/bin/../lib/gcc/avr/5.4.0/avrxmega2/libgcc.a(_mulsi3.o)
                                                  /home/chrak/.local/share/avr8-gnu-toolchain-linux_x86_64/bin/../lib/gcc/avr/5.4.0/../../../../avr/lib/avrxmega2/libc.a(strtoul.o)
                                                  obj/Release/communication/Serial.o
__muluhisi3                                       /home/chrak/.local/share/avr8-gnu-toolchain-linux_x86_64/bin/../lib/gcc/avr/5.4.0/avrxmega2/libgcc.a(_muluhisi3.o)
                                                  /home/chrak/.local/share/avr8-gnu-toolchain-linux_x86_64/bin/../lib/gcc/avr/5.4.0/../../../../avr/lib/avrxmega2/libc.a(strtod.o)
                                                  /home/chrak/.local/share/avr8-gnu-toolchain-linux_x86_64/bin/../lib/gcc/avr/5.4.0/avrxmega2/libgcc.a(_mulshisi3.o)
                                                  /home/chrak/.local/share/avr8-gnu-toolchain-linux_x86_64/bin/../lib/gcc/avr/5.4.0/avrxmega2/libgcc.a(_mulsi3.o)
                                                  obj/Release/communication/Serial.o
__negsi2                                          /home/chrak/.local/share/avr8-gnu-toolchain-linux_x86_64/bin/../lib/gcc/avr/5.4.0/avrxmega2/libgcc.a(_negsi2.o)
                                                  /home/chrak/.local/share/avr8-gnu-toolchain-linux_x86_64/bin/../lib/gcc/avr/5.4.0/avrxmega2/libgcc.a(_divmodsi4.o)
__nesf2                                           /home/chrak/.local/share/avr8-gnu-toolchain-linux_x86_64/bin/../lib/gcc/avr/5.4.0/../../../../avr/lib/avrxmega2/libc.a(cmpsf2.o)
                                                  /home/chrak/.local/share/avr8-gnu-toolchain-linux_x86_64/bin/../lib/gcc/avr/5.4.0/../../../../avr/lib/avrxmega2/libc.a(strtod.o)
__prologue_saves__                                /home/chrak/.local/share/avr8-gnu-toolchain-linux_x86_64/bin/../lib/gcc/avr/5.4.0/avrxmega2/libgcc.a(_prologue.o)
                                                  /home/chrak/.local/share/avr8-gnu-toolchain-linux_x86_64/bin/../lib/gcc/avr/5.4.0/../../../../avr/lib/avrxmega2/libc.a(sprintf.o)
                                                  /home/chrak/.local/share/avr8-gnu-toolchain-linux_x86_64/bin/../lib/gcc/avr/5.4.0/../../../../avr/lib/avrxmega2/libc.a(strtoul.o)
                                                  /home/chrak/.local/share/avr8-gnu-toolchain-linux_x86_64/bin/../lib/gcc/avr/5.4.0/../../../../avr/lib/avrxmega2/libc.a(strtod.o)
                                                  /home/chrak/.local/share/avr8-gnu-toolchain-linux_x86_64/bin/../lib/gcc/avr/5.4.0/../../../../avr/lib/avrxmega2/libprintf_flt.a(vfprintf_flt.o)
__stack                                           /home/chrak/.local/share/avr8-gnu-toolchain-linux_x86_64/bin/../lib/gcc/avr/5.4.0/../../../../avr/lib/avrxmega2/crtatxmega32a4u.o
__tablejump2__                                    /home/chrak/.local/share/avr8-gnu-toolchain-linux_x86_64/bin/../lib/gcc/avr/5.4.0/avrxmega2/libgcc.a(_tablejump2.o)
                                                  /home/chrak/.local/share/avr8-gnu-toolchain-linux_x86_64/bin/../lib/gcc/avr/5.4.0/avrxmega2/libgcc.a(_dtors.o)
                                                  /home/chrak/.local/share/avr8-gnu-toolchain-linux_x86_64/bin/../lib/gcc/avr/5.4.0/avrxmega2/libgcc.a(_ctors.o)
                                                  obj/Release/IO-Board/ComReceiver.o
__udivmodhi4                                      /home/chrak/.local/share/avr8-gnu-toolchain-linux_x86_64/bin/../lib/gcc/avr/5.4.0/avrxmega2/libgcc.a(_udivmodhi4.o)
                                                  obj/Release/communication/Serial.o
__udivmodsi4                                      /home/chrak/.local/share/avr8-gnu-toolchain-linux_x86_64/bin/../lib/gcc/avr/5.4.0/avrxmega2/libgcc.a(_udivmodsi4.o)
                                                  /home/chrak/.local/share/avr8-gnu-toolchain-linux_x86_64/bin/../lib/gcc/avr/5.4.0/../../../../avr/lib/avrxmega2/libc.a(strtoul.o)
                                                  /home/chrak/.local/share/avr8-gnu-toolchain-linux_x86_64/bin/../lib/gcc/avr/5.4.0/avrxmega2/libgcc.a(_divmodsi4.o)
                                                  obj/Release/communication/Serial.o
__ultoa_invert                                    /home/chrak/.local/share/avr8-gnu-toolchain-linux_x86_64/bin/../lib/gcc/avr/5.4.0/../../../../avr/lib/avrxmega2/libc.a(ultoa_invert.o)
                                                  /home/chrak/.local/share/avr8-gnu-toolchain-linux_x86_64/bin/../lib/gcc/avr/5.4.0/../../../../avr/lib/avrxmega2/libprintf_flt.a(vfprintf_flt.o)
__umulhisi3                                       /home/chrak/.local/share/avr8-gnu-toolchain-linux_x86_64/bin/../lib/gcc/avr/5.4.0/avrxmega2/libgcc.a(_umulhisi3.o)
                                                  /home/chrak/.local/share/avr8-gnu-toolchain-linux_x86_64/bin/../lib/gcc/avr/5.4.0/avrxmega2/libgcc.a(_muluhisi3.o)
                                                  obj/Release/communication/Serial.o
__vector_1                                        /home/chrak/.local/share/avr8-gnu-toolchain-linux_x86_64/bin/../lib/gcc/avr/5.4.0/../../../../avr/lib/avrxmega2/crtatxmega32a4u.o
__vector_10                                       obj/Release/IO-Board/MyTimer.o
                                                  /home/chrak/.local/share/avr8-gnu-toolchain-linux_x86_64/bin/../lib/gcc/avr/5.4.0/../../../../avr/lib/avrxmega2/crtatxmega32a4u.o
__vector_100                                      /home/chrak/.local/share/avr8-gnu-toolchain-linux_x86_64/bin/../lib/gcc/avr/5.4.0/../../../../avr/lib/avrxmega2/crtatxmega32a4u.o
__vector_101                                      /home/chrak/.local/share/avr8-gnu-toolchain-linux_x86_64/bin/../lib/gcc/avr/5.4.0/../../../../avr/lib/avrxmega2/crtatxmega32a4u.o
__vector_102                                      /home/chrak/.local/share/avr8-gnu-toolchain-linux_x86_64/bin/../lib/gcc/avr/5.4.0/../../../../avr/lib/avrxmega2/crtatxmega32a4u.o
__vector_103                                      /home/chrak/.local/share/avr8-gnu-toolchain-linux_x86_64/bin/../lib/gcc/avr/5.4.0/../../../../avr/lib/avrxmega2/crtatxmega32a4u.o
__vector_104                                      /home/chrak/.local/share/avr8-gnu-toolchain-linux_x86_64/bin/../lib/gcc/avr/5.4.0/../../../../avr/lib/avrxmega2/crtatxmega32a4u.o
__vector_105                                      /home/chrak/.local/share/avr8-gnu-toolchain-linux_x86_64/bin/../lib/gcc/avr/5.4.0/../../../../avr/lib/avrxmega2/crtatxmega32a4u.o
__vector_106                                      /home/chrak/.local/share/avr8-gnu-toolchain-linux_x86_64/bin/../lib/gcc/avr/5.4.0/../../../../avr/lib/avrxmega2/crtatxmega32a4u.o
__vector_107                                      /home/chrak/.local/share/avr8-gnu-toolchain-linux_x86_64/bin/../lib/gcc/avr/5.4.0/../../../../avr/lib/avrxmega2/crtatxmega32a4u.o
__vector_108                                      /home/chrak/.local/share/avr8-gnu-toolchain-linux_x86_64/bin/../lib/gcc/avr/5.4.0/../../../../avr/lib/avrxmega2/crtatxmega32a4u.o
__vector_109                                      /home/chrak/.local/share/avr8-gnu-toolchain-linux_x86_64/bin/../lib/gcc/avr/5.4.0/../../../../avr/lib/avrxmega2/crtatxmega32a4u.o
__vector_11                                       /home/chrak/.local/share/avr8-gnu-toolchain-linux_x86_64/bin/../lib/gcc/avr/5.4.0/../../../../avr/lib/avrxmega2/crtatxmega32a4u.o
__vector_110                                      /home/chrak/.local/share/avr8-gnu-toolchain-linux_x86_64/bin/../lib/gcc/avr/5.4.0/../../../../avr/lib/avrxmega2/crtatxmega32a4u.o
__vector_111                                      /home/chrak/.local/share/avr8-gnu-toolchain-linux_x86_64/bin/../lib/gcc/avr/5.4.0/../../../../avr/lib/avrxmega2/crtatxmega32a4u.o
__vector_112                                      /home/chrak/.local/share/avr8-gnu-toolchain-linux_x86_64/bin/../lib/gcc/avr/5.4.0/../../../../avr/lib/avrxmega2/crtatxmega32a4u.o
__vector_113                                      /home/chrak/.local/share/avr8-gnu-toolchain-linux_x86_64/bin/../lib/gcc/avr/5.4.0/../../../../avr/lib/avrxmega2/crtatxmega32a4u.o
__vector_114                                      /home/chrak/.local/share/avr8-gnu-toolchain-linux_x86_64/bin/../lib/gcc/avr/5.4.0/../../../../avr/lib/avrxmega2/crtatxmega32a4u.o
__vector_115                                      /home/chrak/.local/share/avr8-gnu-toolchain-linux_x86_64/bin/../lib/gcc/avr/5.4.0/../../../../avr/lib/avrxmega2/crtatxmega32a4u.o
__vector_116                                      /home/chrak/.local/share/avr8-gnu-toolchain-linux_x86_64/bin/../lib/gcc/avr/5.4.0/../../../../avr/lib/avrxmega2/crtatxmega32a4u.o
__vector_117                                      /home/chrak/.local/share/avr8-gnu-toolchain-linux_x86_64/bin/../lib/gcc/avr/5.4.0/../../../../avr/lib/avrxmega2/crtatxmega32a4u.o
__vector_118                                      /home/chrak/.local/share/avr8-gnu-toolchain-linux_x86_64/bin/../lib/gcc/avr/5.4.0/../../../../avr/lib/avrxmega2/crtatxmega32a4u.o
__vector_119                                      /home/chrak/.local/share/avr8-gnu-toolchain-linux_x86_64/bin/../lib/gcc/avr/5.4.0/../../../../avr/lib/avrxmega2/crtatxmega32a4u.o
__vector_12                                       /home/chrak/.local/share/avr8-gnu-toolchain-linux_x86_64/bin/../lib/gcc/avr/5.4.0/../../../../avr/lib/avrxmega2/crtatxmega32a4u.o
__vector_120                                      /home/chrak/.local/share/avr8-gnu-toolchain-linux_x86_64/bin/../lib/gcc/avr/5.4.0/../../../../avr/lib/avrxmega2/crtatxmega32a4u.o
__vector_121                                      /home/chrak/.local/share/avr8-gnu-toolchain-linux_x86_64/bin/../lib/gcc/avr/5.4.0/../../../../avr/lib/avrxmega2/crtatxmega32a4u.o
__vector_122                                      /home/chrak/.local/share/avr8-gnu-toolchain-linux_x86_64/bin/../lib/gcc/avr/5.4.0/../../../../avr/lib/avrxmega2/crtatxmega32a4u.o
__vector_123                                      /home/chrak/.local/share/avr8-gnu-toolchain-linux_x86_64/bin/../lib/gcc/avr/5.4.0/../../../../avr/lib/avrxmega2/crtatxmega32a4u.o
__vector_124                                      /home/chrak/.local/share/avr8-gnu-toolchain-linux_x86_64/bin/../lib/gcc/avr/5.4.0/../../../../avr/lib/avrxmega2/crtatxmega32a4u.o
__vector_125                                      /home/chrak/.local/share/avr8-gnu-toolchain-linux_x86_64/bin/../lib/gcc/avr/5.4.0/../../../../avr/lib/avrxmega2/crtatxmega32a4u.o
__vector_126                                      /home/chrak/.local/share/avr8-gnu-toolchain-linux_x86_64/bin/../lib/gcc/avr/5.4.0/../../../../avr/lib/avrxmega2/crtatxmega32a4u.o
__vector_13                                       /home/chrak/.local/share/avr8-gnu-toolchain-linux_x86_64/bin/../lib/gcc/avr/5.4.0/../../../../avr/lib/avrxmega2/crtatxmega32a4u.o
__vector_14                                       /home/chrak/.local/share/avr8-gnu-toolchain-linux_x86_64/bin/../lib/gcc/avr/5.4.0/../../../../avr/lib/avrxmega2/crtatxmega32a4u.o
__vector_15                                       /home/chrak/.local/share/avr8-gnu-toolchain-linux_x86_64/bin/../lib/gcc/avr/5.4.0/../../../../avr/lib/avrxmega2/crtatxmega32a4u.o
__vector_16                                       /home/chrak/.local/share/avr8-gnu-toolchain-linux_x86_64/bin/../lib/gcc/avr/5.4.0/../../../../avr/lib/avrxmega2/crtatxmega32a4u.o
__vector_17                                       /home/chrak/.local/share/avr8-gnu-toolchain-linux_x86_64/bin/../lib/gcc/avr/5.4.0/../../../../avr/lib/avrxmega2/crtatxmega32a4u.o
__vector_18                                       /home/chrak/.local/share/avr8-gnu-toolchain-linux_x86_64/bin/../lib/gcc/avr/5.4.0/../../../../avr/lib/avrxmega2/crtatxmega32a4u.o
__vector_19                                       /home/chrak/.local/share/avr8-gnu-toolchain-linux_x86_64/bin/../lib/gcc/avr/5.4.0/../../../../avr/lib/avrxmega2/crtatxmega32a4u.o
__vector_2                                        /home/chrak/.local/share/avr8-gnu-toolchain-linux_x86_64/bin/../lib/gcc/avr/5.4.0/../../../../avr/lib/avrxmega2/crtatxmega32a4u.o
__vector_20                                       /home/chrak/.local/share/avr8-gnu-toolchain-linux_x86_64/bin/../lib/gcc/avr/5.4.0/../../../../avr/lib/avrxmega2/crtatxmega32a4u.o
__vector_21                                       /home/chrak/.local/share/avr8-gnu-toolchain-linux_x86_64/bin/../lib/gcc/avr/5.4.0/../../../../avr/lib/avrxmega2/crtatxmega32a4u.o
__vector_22                                       /home/chrak/.local/share/avr8-gnu-toolchain-linux_x86_64/bin/../lib/gcc/avr/5.4.0/../../../../avr/lib/avrxmega2/crtatxmega32a4u.o
__vector_23                                       /home/chrak/.local/share/avr8-gnu-toolchain-linux_x86_64/bin/../lib/gcc/avr/5.4.0/../../../../avr/lib/avrxmega2/crtatxmega32a4u.o
__vector_24                                       /home/chrak/.local/share/avr8-gnu-toolchain-linux_x86_64/bin/../lib/gcc/avr/5.4.0/../../../../avr/lib/avrxmega2/crtatxmega32a4u.o
__vector_25                                       /home/chrak/.local/share/avr8-gnu-toolchain-linux_x86_64/bin/../lib/gcc/avr/5.4.0/../../../../avr/lib/avrxmega2/crtatxmega32a4u.o
__vector_26                                       /home/chrak/.local/share/avr8-gnu-toolchain-linux_x86_64/bin/../lib/gcc/avr/5.4.0/../../../../avr/lib/avrxmega2/crtatxmega32a4u.o
__vector_27                                       /home/chrak/.local/share/avr8-gnu-toolchain-linux_x86_64/bin/../lib/gcc/avr/5.4.0/../../../../avr/lib/avrxmega2/crtatxmega32a4u.o
__vector_28                                       /home/chrak/.local/share/avr8-gnu-toolchain-linux_x86_64/bin/../lib/gcc/avr/5.4.0/../../../../avr/lib/avrxmega2/crtatxmega32a4u.o
__vector_29                                       /home/chrak/.local/share/avr8-gnu-toolchain-linux_x86_64/bin/../lib/gcc/avr/5.4.0/../../../../avr/lib/avrxmega2/crtatxmega32a4u.o
__vector_3                                        /home/chrak/.local/share/avr8-gnu-toolchain-linux_x86_64/bin/../lib/gcc/avr/5.4.0/../../../../avr/lib/avrxmega2/crtatxmega32a4u.o
__vector_30                                       /home/chrak/.local/share/avr8-gnu-toolchain-linux_x86_64/bin/../lib/gcc/avr/5.4.0/../../../../avr/lib/avrxmega2/crtatxmega32a4u.o
__vector_31                                       /home/chrak/.local/share/avr8-gnu-toolchain-linux_x86_64/bin/../lib/gcc/avr/5.4.0/../../../../avr/lib/avrxmega2/crtatxmega32a4u.o
__vector_32                                       /home/chrak/.local/share/avr8-gnu-toolchain-linux_x86_64/bin/../lib/gcc/avr/5.4.0/../../../../avr/lib/avrxmega2/crtatxmega32a4u.o
__vector_33                                       /home/chrak/.local/share/avr8-gnu-toolchain-linux_x86_64/bin/../lib/gcc/avr/5.4.0/../../../../avr/lib/avrxmega2/crtatxmega32a4u.o
__vector_34                                       /home/chrak/.local/share/avr8-gnu-toolchain-linux_x86_64/bin/../lib/gcc/avr/5.4.0/../../../../avr/lib/avrxmega2/crtatxmega32a4u.o
__vector_35                                       /home/chrak/.local/share/avr8-gnu-toolchain-linux_x86_64/bin/../lib/gcc/avr/5.4.0/../../../../avr/lib/avrxmega2/crtatxmega32a4u.o
__vector_36                                       /home/chrak/.local/share/avr8-gnu-toolchain-linux_x86_64/bin/../lib/gcc/avr/5.4.0/../../../../avr/lib/avrxmega2/crtatxmega32a4u.o
__vector_37                                       /home/chrak/.local/share/avr8-gnu-toolchain-linux_x86_64/bin/../lib/gcc/avr/5.4.0/../../../../avr/lib/avrxmega2/crtatxmega32a4u.o
__vector_38                                       /home/chrak/.local/share/avr8-gnu-toolchain-linux_x86_64/bin/../lib/gcc/avr/5.4.0/../../../../avr/lib/avrxmega2/crtatxmega32a4u.o
__vector_39                                       /home/chrak/.local/share/avr8-gnu-toolchain-linux_x86_64/bin/../lib/gcc/avr/5.4.0/../../../../avr/lib/avrxmega2/crtatxmega32a4u.o
__vector_4                                        /home/chrak/.local/share/avr8-gnu-toolchain-linux_x86_64/bin/../lib/gcc/avr/5.4.0/../../../../avr/lib/avrxmega2/crtatxmega32a4u.o
__vector_40                                       /home/chrak/.local/share/avr8-gnu-toolchain-linux_x86_64/bin/../lib/gcc/avr/5.4.0/../../../../avr/lib/avrxmega2/crtatxmega32a4u.o
__vector_41                                       /home/chrak/.local/share/avr8-gnu-toolchain-linux_x86_64/bin/../lib/gcc/avr/5.4.0/../../../../avr/lib/avrxmega2/crtatxmega32a4u.o
__vector_42                                       /home/chrak/.local/share/avr8-gnu-toolchain-linux_x86_64/bin/../lib/gcc/avr/5.4.0/../../../../avr/lib/avrxmega2/crtatxmega32a4u.o
__vector_43                                       /home/chrak/.local/share/avr8-gnu-toolchain-linux_x86_64/bin/../lib/gcc/avr/5.4.0/../../../../avr/lib/avrxmega2/crtatxmega32a4u.o
__vector_44                                       /home/chrak/.local/share/avr8-gnu-toolchain-linux_x86_64/bin/../lib/gcc/avr/5.4.0/../../../../avr/lib/avrxmega2/crtatxmega32a4u.o
__vector_45                                       /home/chrak/.local/share/avr8-gnu-toolchain-linux_x86_64/bin/../lib/gcc/avr/5.4.0/../../../../avr/lib/avrxmega2/crtatxmega32a4u.o
__vector_46                                       /home/chrak/.local/share/avr8-gnu-toolchain-linux_x86_64/bin/../lib/gcc/avr/5.4.0/../../../../avr/lib/avrxmega2/crtatxmega32a4u.o
__vector_47                                       /home/chrak/.local/share/avr8-gnu-toolchain-linux_x86_64/bin/../lib/gcc/avr/5.4.0/../../../../avr/lib/avrxmega2/crtatxmega32a4u.o
__vector_48                                       /home/chrak/.local/share/avr8-gnu-toolchain-linux_x86_64/bin/../lib/gcc/avr/5.4.0/../../../../avr/lib/avrxmega2/crtatxmega32a4u.o
__vector_49                                       /home/chrak/.local/share/avr8-gnu-toolchain-linux_x86_64/bin/../lib/gcc/avr/5.4.0/../../../../avr/lib/avrxmega2/crtatxmega32a4u.o
__vector_5                                        /home/chrak/.local/share/avr8-gnu-toolchain-linux_x86_64/bin/../lib/gcc/avr/5.4.0/../../../../avr/lib/avrxmega2/crtatxmega32a4u.o
__vector_50                                       /home/chrak/.local/share/avr8-gnu-toolchain-linux_x86_64/bin/../lib/gcc/avr/5.4.0/../../../../avr/lib/avrxmega2/crtatxmega32a4u.o
__vector_51                                       /home/chrak/.local/share/avr8-gnu-toolchain-linux_x86_64/bin/../lib/gcc/avr/5.4.0/../../../../avr/lib/avrxmega2/crtatxmega32a4u.o
__vector_52                                       /home/chrak/.local/share/avr8-gnu-toolchain-linux_x86_64/bin/../lib/gcc/avr/5.4.0/../../../../avr/lib/avrxmega2/crtatxmega32a4u.o